////////////////////////////////////////////////////////////////////////////////
// NXpython NXpython3 v2020.1
//
//
// Date:              Tue Sep 28 12:53:35 2021
//
// Command line       /opt/NanoXplore/NXmap3/2020.1/bin/nxpython3 
// Distribution:      Ubuntu 18.04.4 LTS
////////////////////////////////////////////////////////////////////////////////

        |   ----------------------------------------------
        |   - Modules Hierarchy analysis                 -
        |   ----------------------------------------------
        |   
        |   User Modules Detection
        |   ----------------------
        |   
        |   	Module Pattern: ~ 
        |   		Found: ~ , User Name of: ~
        |   
        |   
        |   User Modules Details
        |   --------------------
        |   
        |   
        |   	Module ~ :
        |     +-----------------+-----------------+-------------+---------------+------------+--------+--------+------------+------------+-----------+-----------+----------+
        |     |                 |                 |             |               |  Register  |  Cross |  Clock |    Clock   |   Digital  |   Memory  |           |          |
        |     |      4-LUT      |       DFF       |     XLUT    |     Carry     |    file    | domain | Buffer |   switch   |   signal   |   block   |    WFG    |    PLL   |
        |     |                 |                 |             |               |    block   |  clock |        |            |  processor |           |           |          |
        |     +-----------------+-----------------+-------------+---------------+------------+--------+--------+------------+------------+-----------+-----------+----------+
        |     | 2714/32256 (9%) | 1320/32256 (5%) | 0/2016 (0%) | 337/8064 (5%) | 3/168 (2%) |   0/0  |    4   | 0/336 (0%) | 0/112 (0%) | 0/56 (0%) | 1/32 (4%) | 0/4 (0%) |
        |     +-----------------+-----------------+-------------+---------------+------------+--------+--------+------------+------------+-----------+-----------+----------+
        |   
        |   
        |   HDL Modules Hierarchy Detail
        |   ----------------------------
        |   
        |   ~
        |   |-> LOGIC [ LOGIC ]
        |   |-> nano_R [ nano_R_1 ]
        |   |   |-> can_controller [ nano_R_1|can_controller_1 ]
        |   |   |   |-> can_top [ nano_R_1|can_controller_1|can_top_1 ]
        |   |   |   |   |-> CLN_nano_R_1|can_controller_1|can_top_1|LessThan_L746 [ nano_R_1|can_controller_1|can_top_1|LessThan_L746 ]
        |   |   |   |   |   |-> LTN_nano_R_1|can_controller_1|can_top_1|LessThan_L746 [ nano_R_1|can_controller_1|can_top_1|LessThan_L746/ ]
        |   |   |   |   |-> CLN_nano_R_1|can_controller_1|can_top_1|LessThan_L746_1 [ nano_R_1|can_controller_1|can_top_1|LessThan_L746_1 ]
        |   |   |   |   |   |-> LTN_nano_R_1|can_controller_1|can_top_1|LessThan_L746_1 [ nano_R_1|can_controller_1|can_top_1|LessThan_L746_1/ ]
        |   |   |   |   |-> CLN_nano_R_1|can_controller_1|can_top_1|LessThan_L746_2 [ nano_R_1|can_controller_1|can_top_1|LessThan_L746_2 ]
        |   |   |   |   |   |-> LTN_nano_R_1|can_controller_1|can_top_1|LessThan_L746_2 [ nano_R_1|can_controller_1|can_top_1|LessThan_L746_2/ ]
        |   |   |   |   |-> CLN_nano_R_1|can_controller_1|can_top_1|LessThan_L746_3 [ nano_R_1|can_controller_1|can_top_1|LessThan_L746_3 ]
        |   |   |   |   |   |-> LTN_nano_R_1|can_controller_1|can_top_1|LessThan_L746_3 [ nano_R_1|can_controller_1|can_top_1|LessThan_L746_3/ ]
        |   |   |   |   |-> can_bsp [ nano_R_1|can_controller_1|can_top_1|i_can_bsp ]
        |   |   |   |   |   |-> CLN_nano_R_1|can_controller_1|can_top_1|i_can_bsp|LessThan_L1177 [ nano_R_1|can_controller_1|can_top_1|i_can_bsp|LessThan_L1177 ]
        |   |   |   |   |   |   |-> LTN_nano_R_1|can_controller_1|can_top_1|i_can_bsp|LessThan_L1177 [ nano_R_1|can_controller_1|can_top_1|i_can_bsp|LessThan_L1177/ ]
        |   |   |   |   |   |-> CLN_nano_R_1|can_controller_1|can_top_1|i_can_bsp|LessThan_L1208 [ nano_R_1|can_controller_1|can_top_1|i_can_bsp|LessThan_L1208 ]
        |   |   |   |   |   |   |-> LTN_nano_R_1|can_controller_1|can_top_1|i_can_bsp|LessThan_L1208 [ nano_R_1|can_controller_1|can_top_1|i_can_bsp|LessThan_L1208/ ]
        |   |   |   |   |   |-> CLN_nano_R_1|can_controller_1|can_top_1|i_can_bsp|LessThan_L1272 [ nano_R_1|can_controller_1|can_top_1|i_can_bsp|LessThan_L1272 ]
        |   |   |   |   |   |   |-> LTN_nano_R_1|can_controller_1|can_top_1|i_can_bsp|LessThan_L1272 [ nano_R_1|can_controller_1|can_top_1|i_can_bsp|LessThan_L1272/ ]
        |   |   |   |   |   |-> CLN_nano_R_1|can_controller_1|can_top_1|i_can_bsp|LessThan_L1273 [ nano_R_1|can_controller_1|can_top_1|i_can_bsp|LessThan_L1273 ]
        |   |   |   |   |   |   |-> LTN_nano_R_1|can_controller_1|can_top_1|i_can_bsp|LessThan_L1273 [ nano_R_1|can_controller_1|can_top_1|i_can_bsp|LessThan_L1273/ ]
        |   |   |   |   |   |-> CLN_nano_R_1|can_controller_1|can_top_1|i_can_bsp|LessThan_L1506 [ nano_R_1|can_controller_1|can_top_1|i_can_bsp|LessThan_L1506 ]
        |   |   |   |   |   |   |-> LTN_nano_R_1|can_controller_1|can_top_1|i_can_bsp|LessThan_L1506 [ nano_R_1|can_controller_1|can_top_1|i_can_bsp|LessThan_L1506/ ]
        |   |   |   |   |   |-> CLN_nano_R_1|can_controller_1|can_top_1|i_can_bsp|LessThan_L1612 [ nano_R_1|can_controller_1|can_top_1|i_can_bsp|LessThan_L1612 ]
        |   |   |   |   |   |   |-> LTN_nano_R_1|can_controller_1|can_top_1|i_can_bsp|LessThan_L1612 [ nano_R_1|can_controller_1|can_top_1|i_can_bsp|LessThan_L1612/ ]
        |   |   |   |   |   |-> CLN_nano_R_1|can_controller_1|can_top_1|i_can_bsp|LessThan_L1624 [ nano_R_1|can_controller_1|can_top_1|i_can_bsp|LessThan_L1624 ]
        |   |   |   |   |   |   |-> LTN_nano_R_1|can_controller_1|can_top_1|i_can_bsp|LessThan_L1624 [ nano_R_1|can_controller_1|can_top_1|i_can_bsp|LessThan_L1624/ ]
        |   |   |   |   |   |-> CLN_nano_R_1|can_controller_1|can_top_1|i_can_bsp|LessThan_L1962 [ nano_R_1|can_controller_1|can_top_1|i_can_bsp|LessThan_L1962 ]
        |   |   |   |   |   |   |-> LTN_nano_R_1|can_controller_1|can_top_1|i_can_bsp|LessThan_L1962 [ nano_R_1|can_controller_1|can_top_1|i_can_bsp|LessThan_L1962/ ]
        |   |   |   |   |   |-> CLN_nano_R_1|can_controller_1|can_top_1|i_can_bsp|LessThan_L1964 [ nano_R_1|can_controller_1|can_top_1|i_can_bsp|LessThan_L1964 ]
        |   |   |   |   |   |   |-> LTN_nano_R_1|can_controller_1|can_top_1|i_can_bsp|LessThan_L1964 [ nano_R_1|can_controller_1|can_top_1|i_can_bsp|LessThan_L1964/ ]
        |   |   |   |   |   |-> CLN_nano_R_1|can_controller_1|can_top_1|i_can_bsp|LessThan_L1969 [ nano_R_1|can_controller_1|can_top_1|i_can_bsp|LessThan_L1969 ]
        |   |   |   |   |   |   |-> LTN_nano_R_1|can_controller_1|can_top_1|i_can_bsp|LessThan_L1969 [ nano_R_1|can_controller_1|can_top_1|i_can_bsp|LessThan_L1969/ ]
        |   |   |   |   |   |-> CLN_nano_R_1|can_controller_1|can_top_1|i_can_bsp|LessThan_L1994 [ nano_R_1|can_controller_1|can_top_1|i_can_bsp|LessThan_L1994 ]
        |   |   |   |   |   |   |-> LTN_nano_R_1|can_controller_1|can_top_1|i_can_bsp|LessThan_L1994 [ nano_R_1|can_controller_1|can_top_1|i_can_bsp|LessThan_L1994/ ]
        |   |   |   |   |   |-> CLN_nano_R_1|can_controller_1|can_top_1|i_can_bsp|LessThan_L2014 [ nano_R_1|can_controller_1|can_top_1|i_can_bsp|LessThan_L2014 ]
        |   |   |   |   |   |   |-> LTN_nano_R_1|can_controller_1|can_top_1|i_can_bsp|LessThan_L2014 [ nano_R_1|can_controller_1|can_top_1|i_can_bsp|LessThan_L2014/ ]
        |   |   |   |   |   |-> CLN_nano_R_1|can_controller_1|can_top_1|i_can_bsp|LessThan_L2016 [ nano_R_1|can_controller_1|can_top_1|i_can_bsp|LessThan_L2016 ]
        |   |   |   |   |   |   |-> LTN_nano_R_1|can_controller_1|can_top_1|i_can_bsp|LessThan_L2016 [ nano_R_1|can_controller_1|can_top_1|i_can_bsp|LessThan_L2016/ ]
        |   |   |   |   |   |-> CLN_nano_R_1|can_controller_1|can_top_1|i_can_bsp|LessThan_L2016_1 [ nano_R_1|can_controller_1|can_top_1|i_can_bsp|LessThan_L2016_1 ]
        |   |   |   |   |   |   |-> LTN_nano_R_1|can_controller_1|can_top_1|i_can_bsp|LessThan_L2016_1 [ nano_R_1|can_controller_1|can_top_1|i_can_bsp|LessThan_L2016_1/ ]
        |   |   |   |   |   |-> CLN_nano_R_1|can_controller_1|can_top_1|i_can_bsp|LessThan_L2028 [ nano_R_1|can_controller_1|can_top_1|i_can_bsp|LessThan_L2028 ]
        |   |   |   |   |   |   |-> LTN_nano_R_1|can_controller_1|can_top_1|i_can_bsp|LessThan_L2028 [ nano_R_1|can_controller_1|can_top_1|i_can_bsp|LessThan_L2028/ ]
        |   |   |   |   |   |-> CLN_nano_R_1|can_controller_1|can_top_1|i_can_bsp|LessThan_L2042 [ nano_R_1|can_controller_1|can_top_1|i_can_bsp|LessThan_L2042 ]
        |   |   |   |   |   |   |-> LTN_nano_R_1|can_controller_1|can_top_1|i_can_bsp|LessThan_L2042 [ nano_R_1|can_controller_1|can_top_1|i_can_bsp|LessThan_L2042/ ]
        |   |   |   |   |   |-> CLN_nano_R_1|can_controller_1|can_top_1|i_can_bsp|LessThan_L2087 [ nano_R_1|can_controller_1|can_top_1|i_can_bsp|LessThan_L2087 ]
        |   |   |   |   |   |   |-> LTN_nano_R_1|can_controller_1|can_top_1|i_can_bsp|LessThan_L2087 [ nano_R_1|can_controller_1|can_top_1|i_can_bsp|LessThan_L2087/ ]
        |   |   |   |   |   |-> CLN_nano_R_1|can_controller_1|can_top_1|i_can_bsp|LessThan_L2087_1 [ nano_R_1|can_controller_1|can_top_1|i_can_bsp|LessThan_L2087_1 ]
        |   |   |   |   |   |   |-> LTN_nano_R_1|can_controller_1|can_top_1|i_can_bsp|LessThan_L2087_1 [ nano_R_1|can_controller_1|can_top_1|i_can_bsp|LessThan_L2087_1/ ]
        |   |   |   |   |   |-> CLN_nano_R_1|can_controller_1|can_top_1|i_can_bsp|LessThan_L2106 [ nano_R_1|can_controller_1|can_top_1|i_can_bsp|LessThan_L2106 ]
        |   |   |   |   |   |   |-> LTN_nano_R_1|can_controller_1|can_top_1|i_can_bsp|LessThan_L2106 [ nano_R_1|can_controller_1|can_top_1|i_can_bsp|LessThan_L2106/ ]
        |   |   |   |   |   |-> CLN_nano_R_1|can_controller_1|can_top_1|i_can_bsp|LessThan_L2108 [ nano_R_1|can_controller_1|can_top_1|i_can_bsp|LessThan_L2108 ]
        |   |   |   |   |   |   |-> LTN_nano_R_1|can_controller_1|can_top_1|i_can_bsp|LessThan_L2108 [ nano_R_1|can_controller_1|can_top_1|i_can_bsp|LessThan_L2108/ ]
        |   |   |   |   |   |-> CLN_nano_R_1|can_controller_1|can_top_1|i_can_bsp|LessThan_L2109 [ nano_R_1|can_controller_1|can_top_1|i_can_bsp|LessThan_L2109 ]
        |   |   |   |   |   |   |-> LTN_nano_R_1|can_controller_1|can_top_1|i_can_bsp|LessThan_L2109 [ nano_R_1|can_controller_1|can_top_1|i_can_bsp|LessThan_L2109/ ]
        |   |   |   |   |   |-> CLN_nano_R_1|can_controller_1|can_top_1|i_can_bsp|LessThan_L736 [ nano_R_1|can_controller_1|can_top_1|i_can_bsp|LessThan_L736 ]
        |   |   |   |   |   |   |-> LTN_nano_R_1|can_controller_1|can_top_1|i_can_bsp|LessThan_L736 [ nano_R_1|can_controller_1|can_top_1|i_can_bsp|LessThan_L736/ ]
        |   |   |   |   |   |-> CLN_nano_R_1|can_controller_1|can_top_1|i_can_bsp|LessThan_L742 [ nano_R_1|can_controller_1|can_top_1|i_can_bsp|LessThan_L742 ]
        |   |   |   |   |   |   |-> LTN_nano_R_1|can_controller_1|can_top_1|i_can_bsp|LessThan_L742 [ nano_R_1|can_controller_1|can_top_1|i_can_bsp|LessThan_L742/ ]
        |   |   |   |   |   |-> can_acf [ nano_R_1|can_controller_1|can_top_1|i_can_bsp|i_can_acf ]
        |   |   |   |   |   |-> can_crc [ nano_R_1|can_controller_1|can_top_1|i_can_bsp|i_can_crc_rx ]
        |   |   |   |   |   |-> can_fifo [ nano_R_1|can_controller_1|can_top_1|i_can_bsp|i_can_fifo ]
        |   |   |   |   |   |   |-> can_fifo_fifo_0 [ nano_R_1|can_controller_1|can_top_1|i_can_bsp|i_can_fifo|fifo ]
        |   |   |   |   |   |   |-> can_fifo_length_fifo_0 [ nano_R_1|can_controller_1|can_top_1|i_can_bsp|i_can_fifo|length_fifo ]
        |   |   |   |   |   |   |-> can_fifo_overrun_info_0 [ nano_R_1|can_controller_1|can_top_1|i_can_bsp|i_can_fifo|overrun_info ]
        |   |   |   |   |-> can_btl [ nano_R_1|can_controller_1|can_top_1|i_can_btl ]
        |   |   |   |   |   |-> CLN_nano_R_1|can_controller_1|can_top_1|i_can_btl|LessThan_L382 [ nano_R_1|can_controller_1|can_top_1|i_can_btl|LessThan_L382 ]
        |   |   |   |   |   |   |-> LTN_nano_R_1|can_controller_1|can_top_1|i_can_btl|LessThan_L382 [ nano_R_1|can_controller_1|can_top_1|i_can_btl|LessThan_L382/ ]
        |   |   |   |   |-> can_registers [ nano_R_1|can_controller_1|can_top_1|i_can_registers ]
        |   |   |   |   |   |-> can_register [ nano_R_1|can_controller_1|can_top_1|i_can_registers|ACCEPTANCE_CODE_REG0 ]
        |   |   |   |   |   |-> can_register [ nano_R_1|can_controller_1|can_top_1|i_can_registers|ACCEPTANCE_CODE_REG1 ]
        |   |   |   |   |   |-> can_register [ nano_R_1|can_controller_1|can_top_1|i_can_registers|ACCEPTANCE_CODE_REG2 ]
        |   |   |   |   |   |-> can_register [ nano_R_1|can_controller_1|can_top_1|i_can_registers|ACCEPTANCE_CODE_REG3 ]
        |   |   |   |   |   |-> can_register [ nano_R_1|can_controller_1|can_top_1|i_can_registers|ACCEPTANCE_MASK_REG0 ]
        |   |   |   |   |   |-> can_register [ nano_R_1|can_controller_1|can_top_1|i_can_registers|ACCEPTANCE_MASK_REG1 ]
        |   |   |   |   |   |-> can_register [ nano_R_1|can_controller_1|can_top_1|i_can_registers|ACCEPTANCE_MASK_REG2 ]
        |   |   |   |   |   |-> can_register [ nano_R_1|can_controller_1|can_top_1|i_can_registers|ACCEPTANCE_MASK_REG3 ]
        |   |   |   |   |   |-> can_register [ nano_R_1|can_controller_1|can_top_1|i_can_registers|BUS_TIMING_0_REG ]
        |   |   |   |   |   |-> can_register [ nano_R_1|can_controller_1|can_top_1|i_can_registers|BUS_TIMING_1_REG ]
        |   |   |   |   |   |-> can_register [ nano_R_1|can_controller_1|can_top_1|i_can_registers|IRQ_EN_REG ]
        |   |   |   |   |   |-> can_register [ nano_R_1|can_controller_1|can_top_1|i_can_registers|TX_DATA_REG0 ]
        |   |   |   |   |   |-> can_register [ nano_R_1|can_controller_1|can_top_1|i_can_registers|TX_DATA_REG1 ]
        |   |   |   |   |   |-> can_register [ nano_R_1|can_controller_1|can_top_1|i_can_registers|TX_DATA_REG10 ]
        |   |   |   |   |   |-> can_register [ nano_R_1|can_controller_1|can_top_1|i_can_registers|TX_DATA_REG11 ]
        |   |   |   |   |   |-> can_register [ nano_R_1|can_controller_1|can_top_1|i_can_registers|TX_DATA_REG12 ]
        |   |   |   |   |   |-> can_register [ nano_R_1|can_controller_1|can_top_1|i_can_registers|TX_DATA_REG2 ]
        |   |   |   |   |   |-> can_register [ nano_R_1|can_controller_1|can_top_1|i_can_registers|TX_DATA_REG3 ]
        |   |   |   |   |   |-> can_register [ nano_R_1|can_controller_1|can_top_1|i_can_registers|TX_DATA_REG4 ]
        |   |   |   |   |   |-> can_register [ nano_R_1|can_controller_1|can_top_1|i_can_registers|TX_DATA_REG5 ]
        |   |   |   |   |   |-> can_register [ nano_R_1|can_controller_1|can_top_1|i_can_registers|TX_DATA_REG6 ]
        |   |   |   |   |   |-> can_register [ nano_R_1|can_controller_1|can_top_1|i_can_registers|TX_DATA_REG7 ]
        |   |   |   |   |   |-> can_register [ nano_R_1|can_controller_1|can_top_1|i_can_registers|TX_DATA_REG8 ]
        |   |   |   |   |   |-> can_register [ nano_R_1|can_controller_1|can_top_1|i_can_registers|TX_DATA_REG9 ]
        |   |   |   |   |   |-> can_register_asyn(X26B27E3E) [ nano_R_1|can_controller_1|can_top_1|i_can_registers|MODE_REG_BASIC ]
        |   |   |   |   |   |-> can_register_asyn(X78142282) [ nano_R_1|can_controller_1|can_top_1|i_can_registers|ERROR_WARNING_REG ]
        |   |   |   |   |   |-> can_register_asyn(X849D9080) [ nano_R_1|can_controller_1|can_top_1|i_can_registers|CLOCK_DIVIDER_REG_3 ]
        |   |   |   |   |   |-> can_register_asyn(X849D9080) [ nano_R_1|can_controller_1|can_top_1|i_can_registers|CLOCK_DIVIDER_REG_7 ]
        |   |   |   |   |   |-> can_register_asyn(XC5DBFCCC) [ nano_R_1|can_controller_1|can_top_1|i_can_registers|CLOCK_DIVIDER_REG_LOW ]
        |   |   |   |   |   |-> can_register_asyn(XC5DBFCCC) [ nano_R_1|can_controller_1|can_top_1|i_can_registers|MODE_REG_EXT ]
        |   |   |   |   |   |-> can_register_asyn_syn(X27F1AF3B) [ nano_R_1|can_controller_1|can_top_1|i_can_registers|COMMAND_REG0 ]
        |   |   |   |   |   |-> can_register_asyn_syn(X27F1AF3B) [ nano_R_1|can_controller_1|can_top_1|i_can_registers|COMMAND_REG1 ]
        |   |   |   |   |   |-> can_register_asyn_syn(X27F1AF3B) [ nano_R_1|can_controller_1|can_top_1|i_can_registers|COMMAND_REG4 ]
        |   |   |   |   |   |-> can_register_asyn_syn(XA57D77A3) [ nano_R_1|can_controller_1|can_top_1|i_can_registers|MODE_REG0 ]
        |   |   |   |   |   |-> can_register_asyn_syn(XB9CEC01C) [ nano_R_1|can_controller_1|can_top_1|i_can_registers|COMMAND_REG ]
        |   |   |   |-> wishbone_driver(X5612BFEE) [ nano_R_1|can_controller_1|driver_1 ]
        |   |-> nano_T [ nano_T_1 ]
        |   |   |-> can_controller [ nano_T_1|can_controller_1 ]
        |   |   |   |-> can_top [ nano_T_1|can_controller_1|can_top_1 ]
        |   |   |   |   |-> can_bsp [ nano_T_1|can_controller_1|can_top_1|i_can_bsp ]
        |   |   |   |   |   |-> CLN_nano_T_1|can_controller_1|can_top_1|i_can_bsp|LessThan_L1177 [ nano_T_1|can_controller_1|can_top_1|i_can_bsp|LessThan_L1177 ]
        |   |   |   |   |   |   |-> LTN_nano_T_1|can_controller_1|can_top_1|i_can_bsp|LessThan_L1177 [ nano_T_1|can_controller_1|can_top_1|i_can_bsp|LessThan_L1177/ ]
        |   |   |   |   |   |-> CLN_nano_T_1|can_controller_1|can_top_1|i_can_bsp|LessThan_L1208 [ nano_T_1|can_controller_1|can_top_1|i_can_bsp|LessThan_L1208 ]
        |   |   |   |   |   |   |-> LTN_nano_T_1|can_controller_1|can_top_1|i_can_bsp|LessThan_L1208 [ nano_T_1|can_controller_1|can_top_1|i_can_bsp|LessThan_L1208/ ]
        |   |   |   |   |   |-> CLN_nano_T_1|can_controller_1|can_top_1|i_can_bsp|LessThan_L1506 [ nano_T_1|can_controller_1|can_top_1|i_can_bsp|LessThan_L1506 ]
        |   |   |   |   |   |   |-> LTN_nano_T_1|can_controller_1|can_top_1|i_can_bsp|LessThan_L1506 [ nano_T_1|can_controller_1|can_top_1|i_can_bsp|LessThan_L1506/ ]
        |   |   |   |   |   |-> CLN_nano_T_1|can_controller_1|can_top_1|i_can_bsp|LessThan_L1612 [ nano_T_1|can_controller_1|can_top_1|i_can_bsp|LessThan_L1612 ]
        |   |   |   |   |   |   |-> LTN_nano_T_1|can_controller_1|can_top_1|i_can_bsp|LessThan_L1612 [ nano_T_1|can_controller_1|can_top_1|i_can_bsp|LessThan_L1612/ ]
        |   |   |   |   |   |-> CLN_nano_T_1|can_controller_1|can_top_1|i_can_bsp|LessThan_L1624 [ nano_T_1|can_controller_1|can_top_1|i_can_bsp|LessThan_L1624 ]
        |   |   |   |   |   |   |-> LTN_nano_T_1|can_controller_1|can_top_1|i_can_bsp|LessThan_L1624 [ nano_T_1|can_controller_1|can_top_1|i_can_bsp|LessThan_L1624/ ]
        |   |   |   |   |   |-> CLN_nano_T_1|can_controller_1|can_top_1|i_can_bsp|LessThan_L1962 [ nano_T_1|can_controller_1|can_top_1|i_can_bsp|LessThan_L1962 ]
        |   |   |   |   |   |   |-> LTN_nano_T_1|can_controller_1|can_top_1|i_can_bsp|LessThan_L1962 [ nano_T_1|can_controller_1|can_top_1|i_can_bsp|LessThan_L1962/ ]
        |   |   |   |   |   |-> CLN_nano_T_1|can_controller_1|can_top_1|i_can_bsp|LessThan_L1964 [ nano_T_1|can_controller_1|can_top_1|i_can_bsp|LessThan_L1964 ]
        |   |   |   |   |   |   |-> LTN_nano_T_1|can_controller_1|can_top_1|i_can_bsp|LessThan_L1964 [ nano_T_1|can_controller_1|can_top_1|i_can_bsp|LessThan_L1964/ ]
        |   |   |   |   |   |-> CLN_nano_T_1|can_controller_1|can_top_1|i_can_bsp|LessThan_L1969 [ nano_T_1|can_controller_1|can_top_1|i_can_bsp|LessThan_L1969 ]
        |   |   |   |   |   |   |-> LTN_nano_T_1|can_controller_1|can_top_1|i_can_bsp|LessThan_L1969 [ nano_T_1|can_controller_1|can_top_1|i_can_bsp|LessThan_L1969/ ]
        |   |   |   |   |   |-> CLN_nano_T_1|can_controller_1|can_top_1|i_can_bsp|LessThan_L1994 [ nano_T_1|can_controller_1|can_top_1|i_can_bsp|LessThan_L1994 ]
        |   |   |   |   |   |   |-> LTN_nano_T_1|can_controller_1|can_top_1|i_can_bsp|LessThan_L1994 [ nano_T_1|can_controller_1|can_top_1|i_can_bsp|LessThan_L1994/ ]
        |   |   |   |   |   |-> CLN_nano_T_1|can_controller_1|can_top_1|i_can_bsp|LessThan_L2014 [ nano_T_1|can_controller_1|can_top_1|i_can_bsp|LessThan_L2014 ]
        |   |   |   |   |   |   |-> LTN_nano_T_1|can_controller_1|can_top_1|i_can_bsp|LessThan_L2014 [ nano_T_1|can_controller_1|can_top_1|i_can_bsp|LessThan_L2014/ ]
        |   |   |   |   |   |-> CLN_nano_T_1|can_controller_1|can_top_1|i_can_bsp|LessThan_L2016 [ nano_T_1|can_controller_1|can_top_1|i_can_bsp|LessThan_L2016 ]
        |   |   |   |   |   |   |-> LTN_nano_T_1|can_controller_1|can_top_1|i_can_bsp|LessThan_L2016 [ nano_T_1|can_controller_1|can_top_1|i_can_bsp|LessThan_L2016/ ]
        |   |   |   |   |   |-> CLN_nano_T_1|can_controller_1|can_top_1|i_can_bsp|LessThan_L2016_1 [ nano_T_1|can_controller_1|can_top_1|i_can_bsp|LessThan_L2016_1 ]
        |   |   |   |   |   |   |-> LTN_nano_T_1|can_controller_1|can_top_1|i_can_bsp|LessThan_L2016_1 [ nano_T_1|can_controller_1|can_top_1|i_can_bsp|LessThan_L2016_1/ ]
        |   |   |   |   |   |-> CLN_nano_T_1|can_controller_1|can_top_1|i_can_bsp|LessThan_L2028 [ nano_T_1|can_controller_1|can_top_1|i_can_bsp|LessThan_L2028 ]
        |   |   |   |   |   |   |-> LTN_nano_T_1|can_controller_1|can_top_1|i_can_bsp|LessThan_L2028 [ nano_T_1|can_controller_1|can_top_1|i_can_bsp|LessThan_L2028/ ]
        |   |   |   |   |   |-> CLN_nano_T_1|can_controller_1|can_top_1|i_can_bsp|LessThan_L2042 [ nano_T_1|can_controller_1|can_top_1|i_can_bsp|LessThan_L2042 ]
        |   |   |   |   |   |   |-> LTN_nano_T_1|can_controller_1|can_top_1|i_can_bsp|LessThan_L2042 [ nano_T_1|can_controller_1|can_top_1|i_can_bsp|LessThan_L2042/ ]
        |   |   |   |   |   |-> CLN_nano_T_1|can_controller_1|can_top_1|i_can_bsp|LessThan_L736 [ nano_T_1|can_controller_1|can_top_1|i_can_bsp|LessThan_L736 ]
        |   |   |   |   |   |   |-> LTN_nano_T_1|can_controller_1|can_top_1|i_can_bsp|LessThan_L736 [ nano_T_1|can_controller_1|can_top_1|i_can_bsp|LessThan_L736/ ]
        |   |   |   |   |   |-> CLN_nano_T_1|can_controller_1|can_top_1|i_can_bsp|LessThan_L742 [ nano_T_1|can_controller_1|can_top_1|i_can_bsp|LessThan_L742 ]
        |   |   |   |   |   |   |-> LTN_nano_T_1|can_controller_1|can_top_1|i_can_bsp|LessThan_L742 [ nano_T_1|can_controller_1|can_top_1|i_can_bsp|LessThan_L742/ ]
        |   |   |   |   |   |-> can_crc [ nano_T_1|can_controller_1|can_top_1|i_can_bsp|i_can_crc_rx ]
        |   |   |   |   |-> can_btl [ nano_T_1|can_controller_1|can_top_1|i_can_btl ]
        |   |   |   |   |   |-> CLN_nano_T_1|can_controller_1|can_top_1|i_can_btl|LessThan_L382 [ nano_T_1|can_controller_1|can_top_1|i_can_btl|LessThan_L382 ]
        |   |   |   |   |   |   |-> LTN_nano_T_1|can_controller_1|can_top_1|i_can_btl|LessThan_L382 [ nano_T_1|can_controller_1|can_top_1|i_can_btl|LessThan_L382/ ]
        |   |   |   |   |-> can_registers [ nano_T_1|can_controller_1|can_top_1|i_can_registers ]
        |   |   |   |   |   |-> can_register [ nano_T_1|can_controller_1|can_top_1|i_can_registers|BUS_TIMING_0_REG ]
        |   |   |   |   |   |-> can_register [ nano_T_1|can_controller_1|can_top_1|i_can_registers|BUS_TIMING_1_REG ]
        |   |   |   |   |   |-> can_register [ nano_T_1|can_controller_1|can_top_1|i_can_registers|TX_DATA_REG0 ]
        |   |   |   |   |   |-> can_register [ nano_T_1|can_controller_1|can_top_1|i_can_registers|TX_DATA_REG1 ]
        |   |   |   |   |   |-> can_register [ nano_T_1|can_controller_1|can_top_1|i_can_registers|TX_DATA_REG10 ]
        |   |   |   |   |   |-> can_register [ nano_T_1|can_controller_1|can_top_1|i_can_registers|TX_DATA_REG11 ]
        |   |   |   |   |   |-> can_register [ nano_T_1|can_controller_1|can_top_1|i_can_registers|TX_DATA_REG12 ]
        |   |   |   |   |   |-> can_register [ nano_T_1|can_controller_1|can_top_1|i_can_registers|TX_DATA_REG2 ]
        |   |   |   |   |   |-> can_register [ nano_T_1|can_controller_1|can_top_1|i_can_registers|TX_DATA_REG3 ]
        |   |   |   |   |   |-> can_register [ nano_T_1|can_controller_1|can_top_1|i_can_registers|TX_DATA_REG4 ]
        |   |   |   |   |   |-> can_register [ nano_T_1|can_controller_1|can_top_1|i_can_registers|TX_DATA_REG5 ]
        |   |   |   |   |   |-> can_register [ nano_T_1|can_controller_1|can_top_1|i_can_registers|TX_DATA_REG6 ]
        |   |   |   |   |   |-> can_register [ nano_T_1|can_controller_1|can_top_1|i_can_registers|TX_DATA_REG7 ]
        |   |   |   |   |   |-> can_register [ nano_T_1|can_controller_1|can_top_1|i_can_registers|TX_DATA_REG8 ]
        |   |   |   |   |   |-> can_register [ nano_T_1|can_controller_1|can_top_1|i_can_registers|TX_DATA_REG9 ]
        |   |   |   |   |   |-> can_register_asyn(X849D9080) [ nano_T_1|can_controller_1|can_top_1|i_can_registers|CLOCK_DIVIDER_REG_7 ]
        |   |   |   |   |   |-> can_register_asyn(XC5DBFCCC) [ nano_T_1|can_controller_1|can_top_1|i_can_registers|MODE_REG_EXT ]
        |   |   |   |   |   |-> can_register_asyn_syn(X27F1AF3B) [ nano_T_1|can_controller_1|can_top_1|i_can_registers|COMMAND_REG0 ]
        |   |   |   |   |   |-> can_register_asyn_syn(X27F1AF3B) [ nano_T_1|can_controller_1|can_top_1|i_can_registers|COMMAND_REG1 ]
        |   |   |   |   |   |-> can_register_asyn_syn(X27F1AF3B) [ nano_T_1|can_controller_1|can_top_1|i_can_registers|COMMAND_REG4 ]
        |   |   |   |   |   |-> can_register_asyn_syn(XA57D77A3) [ nano_T_1|can_controller_1|can_top_1|i_can_registers|MODE_REG0 ]
        |   |   |   |-> wishbone_driver(X5612BFEE) [ nano_T_1|can_controller_1|driver_1 ]
