////////////////////////////////////////////////////////////////////////////////
// NXpython NXpython3 v2020.1
//
//
// Date:              Tue Sep 28 12:53:35 2021
//
// Command line       /opt/NanoXplore/NXmap3/2020.1/bin/nxpython3 
// Distribution:      Ubuntu 18.04.4 LTS
////////////////////////////////////////////////////////////////////////////////

WARNING |     ./../../OpenCores/can/trunk/rtl/verilog/can_registers.v(492): delay control is not supported for synthesis (logs/hdlanalysis.rpt: l34)
WARNING |     ./../../OpenCores/can/trunk/rtl/verilog/can_registers.v(493): delay control is not supported for synthesis (logs/hdlanalysis.rpt: l35)
WARNING |     ./../../OpenCores/can/trunk/rtl/verilog/can_registers.v(494): delay control is not supported for synthesis (logs/hdlanalysis.rpt: l36)
WARNING |     ./../../OpenCores/can/trunk/rtl/verilog/can_registers.v(495): delay control is not supported for synthesis (logs/hdlanalysis.rpt: l37)
WARNING |     ./../../OpenCores/can/trunk/rtl/verilog/can_registers.v(496): delay control is not supported for synthesis (logs/hdlanalysis.rpt: l38)
WARNING |     ./../../OpenCores/can/trunk/rtl/verilog/can_registers.v(497): delay control is not supported for synthesis (logs/hdlanalysis.rpt: l39)
WARNING |     ./../../OpenCores/can/trunk/rtl/verilog/can_register_asyn_syn.v(103): delay control is not supported for synthesis (logs/hdlanalysis.rpt: l41)
WARNING |     ./../../OpenCores/can/trunk/rtl/verilog/can_register_asyn_syn.v(105): delay control is not supported for synthesis (logs/hdlanalysis.rpt: l42)
WARNING |     ./../../OpenCores/can/trunk/rtl/verilog/can_register_asyn_syn.v(107): delay control is not supported for synthesis (logs/hdlanalysis.rpt: l43)
WARNING |     ./../../OpenCores/can/trunk/rtl/verilog/can_register_asyn.v(101): delay control is not supported for synthesis (logs/hdlanalysis.rpt: l45)
WARNING |     ./../../OpenCores/can/trunk/rtl/verilog/can_register_asyn.v(103): delay control is not supported for synthesis (logs/hdlanalysis.rpt: l46)
WARNING |     ./../../OpenCores/can/trunk/rtl/verilog/can_register_asyn.v(101): delay control is not supported for synthesis (logs/hdlanalysis.rpt: l48)
WARNING |     ./../../OpenCores/can/trunk/rtl/verilog/can_register_asyn.v(103): delay control is not supported for synthesis (logs/hdlanalysis.rpt: l49)
WARNING |     ./../../OpenCores/can/trunk/rtl/verilog/can_register_asyn_syn.v(103): delay control is not supported for synthesis (logs/hdlanalysis.rpt: l51)
WARNING |     ./../../OpenCores/can/trunk/rtl/verilog/can_register_asyn_syn.v(105): delay control is not supported for synthesis (logs/hdlanalysis.rpt: l52)
WARNING |     ./../../OpenCores/can/trunk/rtl/verilog/can_register_asyn_syn.v(107): delay control is not supported for synthesis (logs/hdlanalysis.rpt: l53)
WARNING |     ./../../OpenCores/can/trunk/rtl/verilog/can_register_asyn_syn.v(103): delay control is not supported for synthesis (logs/hdlanalysis.rpt: l55)
WARNING |     ./../../OpenCores/can/trunk/rtl/verilog/can_register_asyn_syn.v(105): delay control is not supported for synthesis (logs/hdlanalysis.rpt: l56)
WARNING |     ./../../OpenCores/can/trunk/rtl/verilog/can_register_asyn_syn.v(107): delay control is not supported for synthesis (logs/hdlanalysis.rpt: l57)
WARNING |     ./../../OpenCores/can/trunk/rtl/verilog/can_registers.v(592): delay control is not supported for synthesis (logs/hdlanalysis.rpt: l58)
WARNING |     ./../../OpenCores/can/trunk/rtl/verilog/can_registers.v(594): delay control is not supported for synthesis (logs/hdlanalysis.rpt: l59)
WARNING |     ./../../OpenCores/can/trunk/rtl/verilog/can_registers.v(609): delay control is not supported for synthesis (logs/hdlanalysis.rpt: l60)
WARNING |     ./../../OpenCores/can/trunk/rtl/verilog/can_registers.v(611): delay control is not supported for synthesis (logs/hdlanalysis.rpt: l61)
WARNING |     ./../../OpenCores/can/trunk/rtl/verilog/can_registers.v(664): delay control is not supported for synthesis (logs/hdlanalysis.rpt: l62)
WARNING |     ./../../OpenCores/can/trunk/rtl/verilog/can_registers.v(666): delay control is not supported for synthesis (logs/hdlanalysis.rpt: l63)
WARNING |     ./../../OpenCores/can/trunk/rtl/verilog/can_registers.v(675): delay control is not supported for synthesis (logs/hdlanalysis.rpt: l64)
WARNING |     ./../../OpenCores/can/trunk/rtl/verilog/can_registers.v(677): delay control is not supported for synthesis (logs/hdlanalysis.rpt: l65)
WARNING |     ./../../OpenCores/can/trunk/rtl/verilog/can_registers.v(686): delay control is not supported for synthesis (logs/hdlanalysis.rpt: l66)
WARNING |     ./../../OpenCores/can/trunk/rtl/verilog/can_registers.v(688): delay control is not supported for synthesis (logs/hdlanalysis.rpt: l67)
WARNING |     ./../../OpenCores/can/trunk/rtl/verilog/can_registers.v(697): delay control is not supported for synthesis (logs/hdlanalysis.rpt: l68)
WARNING |     ./../../OpenCores/can/trunk/rtl/verilog/can_registers.v(699): delay control is not supported for synthesis (logs/hdlanalysis.rpt: l69)
WARNING |     ./../../OpenCores/can/trunk/rtl/verilog/can_register.v(98): delay control is not supported for synthesis (logs/hdlanalysis.rpt: l71)
WARNING |     ./../../OpenCores/can/trunk/rtl/verilog/can_register_asyn.v(101): delay control is not supported for synthesis (logs/hdlanalysis.rpt: l73)
WARNING |     ./../../OpenCores/can/trunk/rtl/verilog/can_register_asyn.v(103): delay control is not supported for synthesis (logs/hdlanalysis.rpt: l74)
WARNING |     ./../../OpenCores/can/trunk/rtl/verilog/can_register_asyn.v(101): delay control is not supported for synthesis (logs/hdlanalysis.rpt: l76)
WARNING |     ./../../OpenCores/can/trunk/rtl/verilog/can_register_asyn.v(103): delay control is not supported for synthesis (logs/hdlanalysis.rpt: l77)
WARNING |     ./../../OpenCores/can/trunk/rtl/verilog/can_registers.v(835): delay control is not supported for synthesis (logs/hdlanalysis.rpt: l78)
WARNING |     ./../../OpenCores/can/trunk/rtl/verilog/can_registers.v(847): delay control is not supported for synthesis (logs/hdlanalysis.rpt: l79)
WARNING |     ./../../OpenCores/can/trunk/rtl/verilog/can_registers.v(1158): delay control is not supported for synthesis (logs/hdlanalysis.rpt: l80)
WARNING |     ./../../OpenCores/can/trunk/rtl/verilog/can_registers.v(1160): delay control is not supported for synthesis (logs/hdlanalysis.rpt: l81)
WARNING |     ./../../OpenCores/can/trunk/rtl/verilog/can_registers.v(1170): delay control is not supported for synthesis (logs/hdlanalysis.rpt: l82)
WARNING |     ./../../OpenCores/can/trunk/rtl/verilog/can_registers.v(1172): delay control is not supported for synthesis (logs/hdlanalysis.rpt: l83)
WARNING |     ./../../OpenCores/can/trunk/rtl/verilog/can_registers.v(1182): delay control is not supported for synthesis (logs/hdlanalysis.rpt: l84)
WARNING |     ./../../OpenCores/can/trunk/rtl/verilog/can_registers.v(1184): delay control is not supported for synthesis (logs/hdlanalysis.rpt: l85)
WARNING |     ./../../OpenCores/can/trunk/rtl/verilog/can_registers.v(1194): delay control is not supported for synthesis (logs/hdlanalysis.rpt: l86)
WARNING |     ./../../OpenCores/can/trunk/rtl/verilog/can_registers.v(1196): delay control is not supported for synthesis (logs/hdlanalysis.rpt: l87)
WARNING |     ./../../OpenCores/can/trunk/rtl/verilog/can_registers.v(1206): delay control is not supported for synthesis (logs/hdlanalysis.rpt: l88)
WARNING |     ./../../OpenCores/can/trunk/rtl/verilog/can_registers.v(1208): delay control is not supported for synthesis (logs/hdlanalysis.rpt: l89)
WARNING |     ./../../OpenCores/can/trunk/rtl/verilog/can_registers.v(1218): delay control is not supported for synthesis (logs/hdlanalysis.rpt: l90)
WARNING |     ./../../OpenCores/can/trunk/rtl/verilog/can_registers.v(1220): delay control is not supported for synthesis (logs/hdlanalysis.rpt: l91)
WARNING |     ./../../OpenCores/can/trunk/rtl/verilog/can_registers.v(1231): delay control is not supported for synthesis (logs/hdlanalysis.rpt: l92)
WARNING |     ./../../OpenCores/can/trunk/rtl/verilog/can_registers.v(1233): delay control is not supported for synthesis (logs/hdlanalysis.rpt: l93)
WARNING |     ./../../OpenCores/can/trunk/rtl/verilog/can_registers.v(1248): delay control is not supported for synthesis (logs/hdlanalysis.rpt: l94)
WARNING |     ./../../OpenCores/can/trunk/rtl/verilog/can_registers.v(1250): delay control is not supported for synthesis (logs/hdlanalysis.rpt: l95)
WARNING |     ./../../OpenCores/can/trunk/rtl/verilog/can_btl.v(269): delay control is not supported for synthesis (logs/hdlanalysis.rpt: l97)
WARNING |     ./../../OpenCores/can/trunk/rtl/verilog/can_btl.v(271): delay control is not supported for synthesis (logs/hdlanalysis.rpt: l98)
WARNING |     ./../../OpenCores/can/trunk/rtl/verilog/can_btl.v(280): delay control is not supported for synthesis (logs/hdlanalysis.rpt: l99)
WARNING |     ./../../OpenCores/can/trunk/rtl/verilog/can_btl.v(282): delay control is not supported for synthesis (logs/hdlanalysis.rpt: l100)
WARNING |     ./../../OpenCores/can/trunk/rtl/verilog/can_btl.v(292): delay control is not supported for synthesis (logs/hdlanalysis.rpt: l101)
WARNING |     ./../../OpenCores/can/trunk/rtl/verilog/can_btl.v(311): delay control is not supported for synthesis (logs/hdlanalysis.rpt: l102)
WARNING |     ./../../OpenCores/can/trunk/rtl/verilog/can_btl.v(323): delay control is not supported for synthesis (logs/hdlanalysis.rpt: l103)
WARNING |     ./../../OpenCores/can/trunk/rtl/verilog/can_btl.v(336): delay control is not supported for synthesis (logs/hdlanalysis.rpt: l104)
WARNING |     ./../../OpenCores/can/trunk/rtl/verilog/can_btl.v(346): delay control is not supported for synthesis (logs/hdlanalysis.rpt: l105)
WARNING |     ./../../OpenCores/can/trunk/rtl/verilog/can_btl.v(348): delay control is not supported for synthesis (logs/hdlanalysis.rpt: l106)
WARNING |     ./../../OpenCores/can/trunk/rtl/verilog/can_btl.v(358): delay control is not supported for synthesis (logs/hdlanalysis.rpt: l107)
WARNING |     ./../../OpenCores/can/trunk/rtl/verilog/can_btl.v(360): delay control is not supported for synthesis (logs/hdlanalysis.rpt: l108)
WARNING |     ./../../OpenCores/can/trunk/rtl/verilog/can_btl.v(370): delay control is not supported for synthesis (logs/hdlanalysis.rpt: l109)
WARNING |     ./../../OpenCores/can/trunk/rtl/verilog/can_btl.v(372): delay control is not supported for synthesis (logs/hdlanalysis.rpt: l110)
WARNING |     ./../../OpenCores/can/trunk/rtl/verilog/can_btl.v(382): expression size 5 truncated to fit in target size 4 (logs/hdlanalysis.rpt: l111)
WARNING |     ./../../OpenCores/can/trunk/rtl/verilog/can_btl.v(382): delay control is not supported for synthesis (logs/hdlanalysis.rpt: l112)
WARNING |     ./../../OpenCores/can/trunk/rtl/verilog/can_btl.v(384): delay control is not supported for synthesis (logs/hdlanalysis.rpt: l113)
WARNING |     ./../../OpenCores/can/trunk/rtl/verilog/can_btl.v(413): delay control is not supported for synthesis (logs/hdlanalysis.rpt: l114)
WARNING |     ./../../OpenCores/can/trunk/rtl/verilog/can_btl.v(414): delay control is not supported for synthesis (logs/hdlanalysis.rpt: l115)
WARNING |     ./../../OpenCores/can/trunk/rtl/verilog/can_btl.v(420): delay control is not supported for synthesis (logs/hdlanalysis.rpt: l116)
WARNING |     ./../../OpenCores/can/trunk/rtl/verilog/can_btl.v(421): delay control is not supported for synthesis (logs/hdlanalysis.rpt: l117)
WARNING |     ./../../OpenCores/can/trunk/rtl/verilog/can_btl.v(423): delay control is not supported for synthesis (logs/hdlanalysis.rpt: l118)
WARNING |     ./../../OpenCores/can/trunk/rtl/verilog/can_btl.v(425): delay control is not supported for synthesis (logs/hdlanalysis.rpt: l119)
WARNING |     ./../../OpenCores/can/trunk/rtl/verilog/can_btl.v(429): delay control is not supported for synthesis (logs/hdlanalysis.rpt: l120)
WARNING |     ./../../OpenCores/can/trunk/rtl/verilog/can_btl.v(440): delay control is not supported for synthesis (logs/hdlanalysis.rpt: l121)
WARNING |     ./../../OpenCores/can/trunk/rtl/verilog/can_btl.v(442): delay control is not supported for synthesis (logs/hdlanalysis.rpt: l122)
WARNING |     ./../../OpenCores/can/trunk/rtl/verilog/can_btl.v(444): delay control is not supported for synthesis (logs/hdlanalysis.rpt: l123)
WARNING |     ./../../OpenCores/can/trunk/rtl/verilog/can_btl.v(454): delay control is not supported for synthesis (logs/hdlanalysis.rpt: l124)
WARNING |     ./../../OpenCores/can/trunk/rtl/verilog/can_btl.v(458): delay control is not supported for synthesis (logs/hdlanalysis.rpt: l125)
WARNING |     ./../../OpenCores/can/trunk/rtl/verilog/can_btl.v(460): delay control is not supported for synthesis (logs/hdlanalysis.rpt: l126)
WARNING |     ./../../OpenCores/can/trunk/rtl/verilog/can_btl.v(469): delay control is not supported for synthesis (logs/hdlanalysis.rpt: l127)
WARNING |     ./../../OpenCores/can/trunk/rtl/verilog/can_btl.v(471): delay control is not supported for synthesis (logs/hdlanalysis.rpt: l128)
WARNING |     ./../../OpenCores/can/trunk/rtl/verilog/can_btl.v(473): delay control is not supported for synthesis (logs/hdlanalysis.rpt: l129)
WARNING |     ./../../OpenCores/can/trunk/rtl/verilog/can_bsp.v(759): delay control is not supported for synthesis (logs/hdlanalysis.rpt: l131)
WARNING |     ./../../OpenCores/can/trunk/rtl/verilog/can_bsp.v(761): delay control is not supported for synthesis (logs/hdlanalysis.rpt: l132)
WARNING |     ./../../OpenCores/can/trunk/rtl/verilog/can_bsp.v(771): delay control is not supported for synthesis (logs/hdlanalysis.rpt: l133)
WARNING |     ./../../OpenCores/can/trunk/rtl/verilog/can_bsp.v(773): delay control is not supported for synthesis (logs/hdlanalysis.rpt: l134)
WARNING |     ./../../OpenCores/can/trunk/rtl/verilog/can_bsp.v(783): delay control is not supported for synthesis (logs/hdlanalysis.rpt: l135)
WARNING |     ./../../OpenCores/can/trunk/rtl/verilog/can_bsp.v(785): delay control is not supported for synthesis (logs/hdlanalysis.rpt: l136)
WARNING |     ./../../OpenCores/can/trunk/rtl/verilog/can_bsp.v(795): delay control is not supported for synthesis (logs/hdlanalysis.rpt: l137)
WARNING |     ./../../OpenCores/can/trunk/rtl/verilog/can_bsp.v(797): delay control is not supported for synthesis (logs/hdlanalysis.rpt: l138)
WARNING |     ./../../OpenCores/can/trunk/rtl/verilog/can_bsp.v(807): delay control is not supported for synthesis (logs/hdlanalysis.rpt: l139)
WARNING |     ./../../OpenCores/can/trunk/rtl/verilog/can_bsp.v(809): delay control is not supported for synthesis (logs/hdlanalysis.rpt: l140)
WARNING |     ./../../OpenCores/can/trunk/rtl/verilog/can_bsp.v(819): delay control is not supported for synthesis (logs/hdlanalysis.rpt: l141)
WARNING |     ./../../OpenCores/can/trunk/rtl/verilog/can_bsp.v(821): delay control is not supported for synthesis (logs/hdlanalysis.rpt: l142)
WARNING |     ./../../OpenCores/can/trunk/rtl/verilog/can_bsp.v(831): delay control is not supported for synthesis (logs/hdlanalysis.rpt: l143)
WARNING |     ./../../OpenCores/can/trunk/rtl/verilog/can_bsp.v(833): delay control is not supported for synthesis (logs/hdlanalysis.rpt: l144)
WARNING |     ./../../OpenCores/can/trunk/rtl/verilog/can_bsp.v(843): delay control is not supported for synthesis (logs/hdlanalysis.rpt: l145)
WARNING |     ./../../OpenCores/can/trunk/rtl/verilog/can_bsp.v(845): delay control is not supported for synthesis (logs/hdlanalysis.rpt: l146)
WARNING |     ./../../OpenCores/can/trunk/rtl/verilog/can_bsp.v(855): delay control is not supported for synthesis (logs/hdlanalysis.rpt: l147)
WARNING |     ./../../OpenCores/can/trunk/rtl/verilog/can_bsp.v(857): delay control is not supported for synthesis (logs/hdlanalysis.rpt: l148)
WARNING |     ./../../OpenCores/can/trunk/rtl/verilog/can_bsp.v(867): delay control is not supported for synthesis (logs/hdlanalysis.rpt: l149)
WARNING |     ./../../OpenCores/can/trunk/rtl/verilog/can_bsp.v(869): delay control is not supported for synthesis (logs/hdlanalysis.rpt: l150)
WARNING |     ./../../OpenCores/can/trunk/rtl/verilog/can_bsp.v(879): delay control is not supported for synthesis (logs/hdlanalysis.rpt: l151)
WARNING |     ./../../OpenCores/can/trunk/rtl/verilog/can_bsp.v(881): delay control is not supported for synthesis (logs/hdlanalysis.rpt: l152)
WARNING |     ./../../OpenCores/can/trunk/rtl/verilog/can_bsp.v(891): delay control is not supported for synthesis (logs/hdlanalysis.rpt: l153)
WARNING |     ./../../OpenCores/can/trunk/rtl/verilog/can_bsp.v(893): delay control is not supported for synthesis (logs/hdlanalysis.rpt: l154)
WARNING |     ./../../OpenCores/can/trunk/rtl/verilog/can_bsp.v(903): delay control is not supported for synthesis (logs/hdlanalysis.rpt: l155)
WARNING |     ./../../OpenCores/can/trunk/rtl/verilog/can_bsp.v(905): delay control is not supported for synthesis (logs/hdlanalysis.rpt: l156)
WARNING |     ./../../OpenCores/can/trunk/rtl/verilog/can_bsp.v(915): delay control is not supported for synthesis (logs/hdlanalysis.rpt: l157)
WARNING |     ./../../OpenCores/can/trunk/rtl/verilog/can_bsp.v(917): delay control is not supported for synthesis (logs/hdlanalysis.rpt: l158)
WARNING |     ./../../OpenCores/can/trunk/rtl/verilog/can_bsp.v(927): delay control is not supported for synthesis (logs/hdlanalysis.rpt: l159)
WARNING |     ./../../OpenCores/can/trunk/rtl/verilog/can_bsp.v(929): delay control is not supported for synthesis (logs/hdlanalysis.rpt: l160)
WARNING |     ./../../OpenCores/can/trunk/rtl/verilog/can_bsp.v(940): delay control is not supported for synthesis (logs/hdlanalysis.rpt: l161)
WARNING |     ./../../OpenCores/can/trunk/rtl/verilog/can_bsp.v(942): delay control is not supported for synthesis (logs/hdlanalysis.rpt: l162)
WARNING |     ./../../OpenCores/can/trunk/rtl/verilog/can_bsp.v(952): delay control is not supported for synthesis (logs/hdlanalysis.rpt: l163)
WARNING |     ./../../OpenCores/can/trunk/rtl/verilog/can_bsp.v(962): delay control is not supported for synthesis (logs/hdlanalysis.rpt: l164)
WARNING |     ./../../OpenCores/can/trunk/rtl/verilog/can_bsp.v(972): delay control is not supported for synthesis (logs/hdlanalysis.rpt: l165)
WARNING |     ./../../OpenCores/can/trunk/rtl/verilog/can_bsp.v(982): delay control is not supported for synthesis (logs/hdlanalysis.rpt: l166)
WARNING |     ./../../OpenCores/can/trunk/rtl/verilog/can_bsp.v(992): delay control is not supported for synthesis (logs/hdlanalysis.rpt: l167)
WARNING |     ./../../OpenCores/can/trunk/rtl/verilog/can_bsp.v(1002): delay control is not supported for synthesis (logs/hdlanalysis.rpt: l168)
WARNING |     ./../../OpenCores/can/trunk/rtl/verilog/can_bsp.v(1011): delay control is not supported for synthesis (logs/hdlanalysis.rpt: l169)
WARNING |     ./../../OpenCores/can/trunk/rtl/verilog/can_bsp.v(1013): delay control is not supported for synthesis (logs/hdlanalysis.rpt: l170)
WARNING |     ./../../OpenCores/can/trunk/rtl/verilog/can_bsp.v(1022): delay control is not supported for synthesis (logs/hdlanalysis.rpt: l171)
WARNING |     ./../../OpenCores/can/trunk/rtl/verilog/can_bsp.v(1024): delay control is not supported for synthesis (logs/hdlanalysis.rpt: l172)
WARNING |     ./../../OpenCores/can/trunk/rtl/verilog/can_bsp.v(1031): delay control is not supported for synthesis (logs/hdlanalysis.rpt: l173)
WARNING |     ./../../OpenCores/can/trunk/rtl/verilog/can_bsp.v(1042): delay control is not supported for synthesis (logs/hdlanalysis.rpt: l174)
WARNING |     ./../../OpenCores/can/trunk/rtl/verilog/can_bsp.v(1053): delay control is not supported for synthesis (logs/hdlanalysis.rpt: l175)
WARNING |     ./../../OpenCores/can/trunk/rtl/verilog/can_bsp.v(1055): delay control is not supported for synthesis (logs/hdlanalysis.rpt: l176)
WARNING |     ./../../OpenCores/can/trunk/rtl/verilog/can_bsp.v(1067): delay control is not supported for synthesis (logs/hdlanalysis.rpt: l177)
WARNING |     ./../../OpenCores/can/trunk/rtl/verilog/can_bsp.v(1069): delay control is not supported for synthesis (logs/hdlanalysis.rpt: l178)
WARNING |     ./../../OpenCores/can/trunk/rtl/verilog/can_bsp.v(1080): delay control is not supported for synthesis (logs/hdlanalysis.rpt: l179)
WARNING |     ./../../OpenCores/can/trunk/rtl/verilog/can_bsp.v(1082): delay control is not supported for synthesis (logs/hdlanalysis.rpt: l180)
WARNING |     ./../../OpenCores/can/trunk/rtl/verilog/can_bsp.v(1092): delay control is not supported for synthesis (logs/hdlanalysis.rpt: l181)
WARNING |     ./../../OpenCores/can/trunk/rtl/verilog/can_bsp.v(1096): delay control is not supported for synthesis (logs/hdlanalysis.rpt: l182)
WARNING |     ./../../OpenCores/can/trunk/rtl/verilog/can_bsp.v(1098): delay control is not supported for synthesis (logs/hdlanalysis.rpt: l183)
WARNING |     ./../../OpenCores/can/trunk/rtl/verilog/can_bsp.v(1100): delay control is not supported for synthesis (logs/hdlanalysis.rpt: l184)
WARNING |     ./../../OpenCores/can/trunk/rtl/verilog/can_bsp.v(1111): delay control is not supported for synthesis (logs/hdlanalysis.rpt: l185)
WARNING |     ./../../OpenCores/can/trunk/rtl/verilog/can_bsp.v(1115): delay control is not supported for synthesis (logs/hdlanalysis.rpt: l186)
WARNING |     ./../../OpenCores/can/trunk/rtl/verilog/can_bsp.v(1117): delay control is not supported for synthesis (logs/hdlanalysis.rpt: l187)
WARNING |     ./../../OpenCores/can/trunk/rtl/verilog/can_bsp.v(1119): delay control is not supported for synthesis (logs/hdlanalysis.rpt: l188)
WARNING |     ./../../OpenCores/can/trunk/rtl/verilog/can_bsp.v(1139): delay control is not supported for synthesis (logs/hdlanalysis.rpt: l189)
WARNING |     ./../../OpenCores/can/trunk/rtl/verilog/can_bsp.v(1140): delay control is not supported for synthesis (logs/hdlanalysis.rpt: l190)
WARNING |     ./../../OpenCores/can/trunk/rtl/verilog/can_bsp.v(1144): delay control is not supported for synthesis (logs/hdlanalysis.rpt: l191)
WARNING |     ./../../OpenCores/can/trunk/rtl/verilog/can_bsp.v(1145): delay control is not supported for synthesis (logs/hdlanalysis.rpt: l192)
WARNING |     ./../../OpenCores/can/trunk/rtl/verilog/can_bsp.v(1156): delay control is not supported for synthesis (logs/hdlanalysis.rpt: l193)
WARNING |     ./../../OpenCores/can/trunk/rtl/verilog/can_bsp.v(1158): delay control is not supported for synthesis (logs/hdlanalysis.rpt: l194)
WARNING |     ./../../OpenCores/can/trunk/rtl/verilog/can_bsp.v(1168): delay control is not supported for synthesis (logs/hdlanalysis.rpt: l195)
WARNING |     ./../../OpenCores/can/trunk/rtl/verilog/can_bsp.v(1170): delay control is not supported for synthesis (logs/hdlanalysis.rpt: l196)
WARNING |     ./../../OpenCores/can/trunk/rtl/verilog/can_bsp.v(1187): delay control is not supported for synthesis (logs/hdlanalysis.rpt: l197)
WARNING |     ./../../OpenCores/can/trunk/rtl/verilog/can_bsp.v(1189): delay control is not supported for synthesis (logs/hdlanalysis.rpt: l198)
WARNING |     ./../../OpenCores/can/trunk/rtl/verilog/can_bsp.v(1198): delay control is not supported for synthesis (logs/hdlanalysis.rpt: l199)
WARNING |     ./../../OpenCores/can/trunk/rtl/verilog/can_bsp.v(1200): delay control is not supported for synthesis (logs/hdlanalysis.rpt: l200)
WARNING |     ./../../OpenCores/can/trunk/rtl/verilog/can_bsp.v(1217): delay control is not supported for synthesis (logs/hdlanalysis.rpt: l201)
WARNING |     ./../../OpenCores/can/trunk/rtl/verilog/can_bsp.v(1219): delay control is not supported for synthesis (logs/hdlanalysis.rpt: l202)
WARNING |     ./../../OpenCores/can/trunk/rtl/verilog/can_bsp.v(1229): delay control is not supported for synthesis (logs/hdlanalysis.rpt: l203)
WARNING |     ./../../OpenCores/can/trunk/rtl/verilog/can_bsp.v(1231): delay control is not supported for synthesis (logs/hdlanalysis.rpt: l204)
WARNING |     ./../../OpenCores/can/trunk/rtl/verilog/can_bsp.v(1240): delay control is not supported for synthesis (logs/hdlanalysis.rpt: l205)
WARNING |     ./../../OpenCores/can/trunk/rtl/verilog/can_bsp.v(1242): delay control is not supported for synthesis (logs/hdlanalysis.rpt: l206)
WARNING |     ./../../OpenCores/can/trunk/rtl/verilog/can_bsp.v(1252): delay control is not supported for synthesis (logs/hdlanalysis.rpt: l207)
WARNING |     ./../../OpenCores/can/trunk/rtl/verilog/can_bsp.v(1254): delay control is not supported for synthesis (logs/hdlanalysis.rpt: l208)
WARNING |     ./../../OpenCores/can/trunk/rtl/verilog/can_crc.v(99): delay control is not supported for synthesis (logs/hdlanalysis.rpt: l210)
WARNING |     ./../../OpenCores/can/trunk/rtl/verilog/can_crc.v(103): delay control is not supported for synthesis (logs/hdlanalysis.rpt: l211)
WARNING |     ./../../OpenCores/can/trunk/rtl/verilog/can_crc.v(105): delay control is not supported for synthesis (logs/hdlanalysis.rpt: l212)
WARNING |     ./../../OpenCores/can/trunk/rtl/verilog/can_acf.v(355): delay control is not supported for synthesis (logs/hdlanalysis.rpt: l214)
WARNING |     ./../../OpenCores/can/trunk/rtl/verilog/can_acf.v(357): delay control is not supported for synthesis (logs/hdlanalysis.rpt: l215)
WARNING |     ./../../OpenCores/can/trunk/rtl/verilog/can_acf.v(362): delay control is not supported for synthesis (logs/hdlanalysis.rpt: l216)
WARNING |     ./../../OpenCores/can/trunk/rtl/verilog/can_acf.v(364): delay control is not supported for synthesis (logs/hdlanalysis.rpt: l217)
WARNING |     ./../../OpenCores/can/trunk/rtl/verilog/can_acf.v(368): delay control is not supported for synthesis (logs/hdlanalysis.rpt: l218)
WARNING |     ./../../OpenCores/can/trunk/rtl/verilog/can_acf.v(371): delay control is not supported for synthesis (logs/hdlanalysis.rpt: l219)
WARNING |     ./../../OpenCores/can/trunk/rtl/verilog/can_bsp.v(1343): delay control is not supported for synthesis (logs/hdlanalysis.rpt: l220)
WARNING |     ./../../OpenCores/can/trunk/rtl/verilog/can_bsp.v(1345): delay control is not supported for synthesis (logs/hdlanalysis.rpt: l221)
WARNING |     ./../../OpenCores/can/trunk/rtl/verilog/can_bsp.v(1355): delay control is not supported for synthesis (logs/hdlanalysis.rpt: l222)
WARNING |     ./../../OpenCores/can/trunk/rtl/verilog/can_bsp.v(1357): delay control is not supported for synthesis (logs/hdlanalysis.rpt: l223)
WARNING |     ./../../OpenCores/can/trunk/rtl/verilog/can_bsp.v(1367): delay control is not supported for synthesis (logs/hdlanalysis.rpt: l224)
WARNING |     ./../../OpenCores/can/trunk/rtl/verilog/can_bsp.v(1369): delay control is not supported for synthesis (logs/hdlanalysis.rpt: l225)
WARNING |     ./../../OpenCores/can/trunk/rtl/verilog/can_fifo.v(245): delay control is not supported for synthesis (logs/hdlanalysis.rpt: l227)
WARNING |     ./../../OpenCores/can/trunk/rtl/verilog/can_fifo.v(247): delay control is not supported for synthesis (logs/hdlanalysis.rpt: l228)
WARNING |     ./../../OpenCores/can/trunk/rtl/verilog/can_fifo.v(249): delay control is not supported for synthesis (logs/hdlanalysis.rpt: l229)
WARNING |     ./../../OpenCores/can/trunk/rtl/verilog/can_fifo.v(259): delay control is not supported for synthesis (logs/hdlanalysis.rpt: l230)
WARNING |     ./../../OpenCores/can/trunk/rtl/verilog/can_fifo.v(261): delay control is not supported for synthesis (logs/hdlanalysis.rpt: l231)
WARNING |     ./../../OpenCores/can/trunk/rtl/verilog/can_fifo.v(271): delay control is not supported for synthesis (logs/hdlanalysis.rpt: l232)
WARNING |     ./../../OpenCores/can/trunk/rtl/verilog/can_fifo.v(273): delay control is not supported for synthesis (logs/hdlanalysis.rpt: l233)
WARNING |     ./../../OpenCores/can/trunk/rtl/verilog/can_fifo.v(284): delay control is not supported for synthesis (logs/hdlanalysis.rpt: l234)
WARNING |     ./../../OpenCores/can/trunk/rtl/verilog/can_fifo.v(294): delay control is not supported for synthesis (logs/hdlanalysis.rpt: l235)
WARNING |     ./../../OpenCores/can/trunk/rtl/verilog/can_fifo.v(304): delay control is not supported for synthesis (logs/hdlanalysis.rpt: l236)
WARNING |     ./../../OpenCores/can/trunk/rtl/verilog/can_fifo.v(306): delay control is not supported for synthesis (logs/hdlanalysis.rpt: l237)
WARNING |     ./../../OpenCores/can/trunk/rtl/verilog/can_fifo.v(316): delay control is not supported for synthesis (logs/hdlanalysis.rpt: l238)
WARNING |     ./../../OpenCores/can/trunk/rtl/verilog/can_fifo.v(318): delay control is not supported for synthesis (logs/hdlanalysis.rpt: l239)
WARNING |     ./../../OpenCores/can/trunk/rtl/verilog/can_fifo.v(328): delay control is not supported for synthesis (logs/hdlanalysis.rpt: l240)
WARNING |     ./../../OpenCores/can/trunk/rtl/verilog/can_fifo.v(330): delay control is not supported for synthesis (logs/hdlanalysis.rpt: l241)
WARNING |     ./../../OpenCores/can/trunk/rtl/verilog/can_fifo.v(332): delay control is not supported for synthesis (logs/hdlanalysis.rpt: l242)
WARNING |     ./../../OpenCores/can/trunk/rtl/verilog/can_fifo.v(334): delay control is not supported for synthesis (logs/hdlanalysis.rpt: l243)
WARNING |     ./../../OpenCores/can/trunk/rtl/verilog/can_fifo.v(345): delay control is not supported for synthesis (logs/hdlanalysis.rpt: l244)
WARNING |     ./../../OpenCores/can/trunk/rtl/verilog/can_fifo.v(347): delay control is not supported for synthesis (logs/hdlanalysis.rpt: l245)
WARNING |     ./../../OpenCores/can/trunk/rtl/verilog/can_fifo.v(351): delay control is not supported for synthesis (logs/hdlanalysis.rpt: l246)
WARNING |     ./../../OpenCores/can/trunk/rtl/verilog/can_fifo.v(353): delay control is not supported for synthesis (logs/hdlanalysis.rpt: l247)
WARNING |     ./../../OpenCores/can/trunk/rtl/verilog/can_fifo.v(376): delay control is not supported for synthesis (logs/hdlanalysis.rpt: l248)
WARNING |     ./../../OpenCores/can/trunk/rtl/verilog/can_fifo.v(676): delay control is not supported for synthesis (logs/hdlanalysis.rpt: l249)
WARNING |     ./../../OpenCores/can/trunk/rtl/verilog/can_fifo.v(687): delay control is not supported for synthesis (logs/hdlanalysis.rpt: l250)
WARNING |     ./../../OpenCores/can/trunk/rtl/verilog/can_fifo.v(698): delay control is not supported for synthesis (logs/hdlanalysis.rpt: l251)
WARNING |     ./../../OpenCores/can/trunk/rtl/verilog/can_bsp.v(1433): delay control is not supported for synthesis (logs/hdlanalysis.rpt: l252)
WARNING |     ./../../OpenCores/can/trunk/rtl/verilog/can_bsp.v(1435): delay control is not supported for synthesis (logs/hdlanalysis.rpt: l253)
WARNING |     ./../../OpenCores/can/trunk/rtl/verilog/can_bsp.v(1445): delay control is not supported for synthesis (logs/hdlanalysis.rpt: l254)
WARNING |     ./../../OpenCores/can/trunk/rtl/verilog/can_bsp.v(1447): delay control is not supported for synthesis (logs/hdlanalysis.rpt: l255)
WARNING |     ./../../OpenCores/can/trunk/rtl/verilog/can_bsp.v(1460): delay control is not supported for synthesis (logs/hdlanalysis.rpt: l256)
WARNING |     ./../../OpenCores/can/trunk/rtl/verilog/can_bsp.v(1462): delay control is not supported for synthesis (logs/hdlanalysis.rpt: l257)
WARNING |     ./../../OpenCores/can/trunk/rtl/verilog/can_bsp.v(1471): delay control is not supported for synthesis (logs/hdlanalysis.rpt: l258)
WARNING |     ./../../OpenCores/can/trunk/rtl/verilog/can_bsp.v(1473): delay control is not supported for synthesis (logs/hdlanalysis.rpt: l259)
WARNING |     ./../../OpenCores/can/trunk/rtl/verilog/can_bsp.v(1482): delay control is not supported for synthesis (logs/hdlanalysis.rpt: l260)
WARNING |     ./../../OpenCores/can/trunk/rtl/verilog/can_bsp.v(1484): delay control is not supported for synthesis (logs/hdlanalysis.rpt: l261)
WARNING |     ./../../OpenCores/can/trunk/rtl/verilog/can_bsp.v(1493): delay control is not supported for synthesis (logs/hdlanalysis.rpt: l262)
WARNING |     ./../../OpenCores/can/trunk/rtl/verilog/can_bsp.v(1495): delay control is not supported for synthesis (logs/hdlanalysis.rpt: l263)
WARNING |     ./../../OpenCores/can/trunk/rtl/verilog/can_bsp.v(1505): delay control is not supported for synthesis (logs/hdlanalysis.rpt: l264)
WARNING |     ./../../OpenCores/can/trunk/rtl/verilog/can_bsp.v(1509): delay control is not supported for synthesis (logs/hdlanalysis.rpt: l265)
WARNING |     ./../../OpenCores/can/trunk/rtl/verilog/can_bsp.v(1511): delay control is not supported for synthesis (logs/hdlanalysis.rpt: l266)
WARNING |     ./../../OpenCores/can/trunk/rtl/verilog/can_bsp.v(1522): delay control is not supported for synthesis (logs/hdlanalysis.rpt: l267)
WARNING |     ./../../OpenCores/can/trunk/rtl/verilog/can_bsp.v(1534): delay control is not supported for synthesis (logs/hdlanalysis.rpt: l268)
WARNING |     ./../../OpenCores/can/trunk/rtl/verilog/can_bsp.v(1536): delay control is not supported for synthesis (logs/hdlanalysis.rpt: l269)
WARNING |     ./../../OpenCores/can/trunk/rtl/verilog/can_bsp.v(1545): delay control is not supported for synthesis (logs/hdlanalysis.rpt: l270)
WARNING |     ./../../OpenCores/can/trunk/rtl/verilog/can_bsp.v(1547): delay control is not supported for synthesis (logs/hdlanalysis.rpt: l271)
WARNING |     ./../../OpenCores/can/trunk/rtl/verilog/can_bsp.v(1559): delay control is not supported for synthesis (logs/hdlanalysis.rpt: l272)
WARNING |     ./../../OpenCores/can/trunk/rtl/verilog/can_bsp.v(1561): delay control is not supported for synthesis (logs/hdlanalysis.rpt: l273)
WARNING |     ./../../OpenCores/can/trunk/rtl/verilog/can_bsp.v(1570): delay control is not supported for synthesis (logs/hdlanalysis.rpt: l274)
WARNING |     ./../../OpenCores/can/trunk/rtl/verilog/can_bsp.v(1572): delay control is not supported for synthesis (logs/hdlanalysis.rpt: l275)
WARNING |     ./../../OpenCores/can/trunk/rtl/verilog/can_bsp.v(1581): delay control is not supported for synthesis (logs/hdlanalysis.rpt: l276)
WARNING |     ./../../OpenCores/can/trunk/rtl/verilog/can_bsp.v(1583): delay control is not supported for synthesis (logs/hdlanalysis.rpt: l277)
WARNING |     ./../../OpenCores/can/trunk/rtl/verilog/can_bsp.v(1592): delay control is not supported for synthesis (logs/hdlanalysis.rpt: l278)
WARNING |     ./../../OpenCores/can/trunk/rtl/verilog/can_bsp.v(1594): delay control is not supported for synthesis (logs/hdlanalysis.rpt: l279)
WARNING |     ./../../OpenCores/can/trunk/rtl/verilog/can_bsp.v(1646): delay control is not supported for synthesis (logs/hdlanalysis.rpt: l280)
WARNING |     ./../../OpenCores/can/trunk/rtl/verilog/can_bsp.v(1653): delay control is not supported for synthesis (logs/hdlanalysis.rpt: l281)
WARNING |     ./../../OpenCores/can/trunk/rtl/verilog/can_bsp.v(1655): delay control is not supported for synthesis (logs/hdlanalysis.rpt: l282)
WARNING |     ./../../OpenCores/can/trunk/rtl/verilog/can_bsp.v(1657): delay control is not supported for synthesis (logs/hdlanalysis.rpt: l283)
WARNING |     ./../../OpenCores/can/trunk/rtl/verilog/can_bsp.v(1665): delay control is not supported for synthesis (logs/hdlanalysis.rpt: l284)
WARNING |     ./../../OpenCores/can/trunk/rtl/verilog/can_bsp.v(1667): delay control is not supported for synthesis (logs/hdlanalysis.rpt: l285)
WARNING |     ./../../OpenCores/can/trunk/rtl/verilog/can_bsp.v(1669): delay control is not supported for synthesis (logs/hdlanalysis.rpt: l286)
WARNING |     ./../../OpenCores/can/trunk/rtl/verilog/can_bsp.v(1756): delay control is not supported for synthesis (logs/hdlanalysis.rpt: l288)
WARNING |     ./../../OpenCores/can/trunk/rtl/verilog/can_bsp.v(1758): delay control is not supported for synthesis (logs/hdlanalysis.rpt: l289)
WARNING |     ./../../OpenCores/can/trunk/rtl/verilog/can_bsp.v(1770): delay control is not supported for synthesis (logs/hdlanalysis.rpt: l290)
WARNING |     ./../../OpenCores/can/trunk/rtl/verilog/can_bsp.v(1772): delay control is not supported for synthesis (logs/hdlanalysis.rpt: l291)
WARNING |     ./../../OpenCores/can/trunk/rtl/verilog/can_bsp.v(1786): delay control is not supported for synthesis (logs/hdlanalysis.rpt: l292)
WARNING |     ./../../OpenCores/can/trunk/rtl/verilog/can_bsp.v(1788): delay control is not supported for synthesis (logs/hdlanalysis.rpt: l293)
WARNING |     ./../../OpenCores/can/trunk/rtl/verilog/can_bsp.v(1799): delay control is not supported for synthesis (logs/hdlanalysis.rpt: l294)
WARNING |     ./../../OpenCores/can/trunk/rtl/verilog/can_bsp.v(1801): delay control is not supported for synthesis (logs/hdlanalysis.rpt: l295)
WARNING |     ./../../OpenCores/can/trunk/rtl/verilog/can_bsp.v(1807): delay control is not supported for synthesis (logs/hdlanalysis.rpt: l296)
WARNING |     ./../../OpenCores/can/trunk/rtl/verilog/can_bsp.v(1809): delay control is not supported for synthesis (logs/hdlanalysis.rpt: l297)
WARNING |     ./../../OpenCores/can/trunk/rtl/verilog/can_bsp.v(1811): delay control is not supported for synthesis (logs/hdlanalysis.rpt: l298)
WARNING |     ./../../OpenCores/can/trunk/rtl/verilog/can_bsp.v(1822): delay control is not supported for synthesis (logs/hdlanalysis.rpt: l299)
WARNING |     ./../../OpenCores/can/trunk/rtl/verilog/can_bsp.v(1824): delay control is not supported for synthesis (logs/hdlanalysis.rpt: l300)
WARNING |     ./../../OpenCores/can/trunk/rtl/verilog/can_bsp.v(1836): delay control is not supported for synthesis (logs/hdlanalysis.rpt: l301)
WARNING |     ./../../OpenCores/can/trunk/rtl/verilog/can_bsp.v(1838): delay control is not supported for synthesis (logs/hdlanalysis.rpt: l302)
WARNING |     ./../../OpenCores/can/trunk/rtl/verilog/can_bsp.v(1847): delay control is not supported for synthesis (logs/hdlanalysis.rpt: l303)
WARNING |     ./../../OpenCores/can/trunk/rtl/verilog/can_bsp.v(1849): delay control is not supported for synthesis (logs/hdlanalysis.rpt: l304)
WARNING |     ./../../OpenCores/can/trunk/rtl/verilog/can_bsp.v(1858): delay control is not supported for synthesis (logs/hdlanalysis.rpt: l305)
WARNING |     ./../../OpenCores/can/trunk/rtl/verilog/can_bsp.v(1860): delay control is not supported for synthesis (logs/hdlanalysis.rpt: l306)
WARNING |     ./../../OpenCores/can/trunk/rtl/verilog/can_bsp.v(1869): delay control is not supported for synthesis (logs/hdlanalysis.rpt: l307)
WARNING |     ./../../OpenCores/can/trunk/rtl/verilog/can_bsp.v(1871): delay control is not supported for synthesis (logs/hdlanalysis.rpt: l308)
WARNING |     ./../../OpenCores/can/trunk/rtl/verilog/can_bsp.v(1880): delay control is not supported for synthesis (logs/hdlanalysis.rpt: l309)
WARNING |     ./../../OpenCores/can/trunk/rtl/verilog/can_bsp.v(1882): delay control is not supported for synthesis (logs/hdlanalysis.rpt: l310)
WARNING |     ./../../OpenCores/can/trunk/rtl/verilog/can_bsp.v(1891): delay control is not supported for synthesis (logs/hdlanalysis.rpt: l311)
WARNING |     ./../../OpenCores/can/trunk/rtl/verilog/can_bsp.v(1893): delay control is not supported for synthesis (logs/hdlanalysis.rpt: l312)
WARNING |     ./../../OpenCores/can/trunk/rtl/verilog/can_bsp.v(1900): delay control is not supported for synthesis (logs/hdlanalysis.rpt: l313)
WARNING |     ./../../OpenCores/can/trunk/rtl/verilog/can_bsp.v(1902): delay control is not supported for synthesis (logs/hdlanalysis.rpt: l314)
WARNING |     ./../../OpenCores/can/trunk/rtl/verilog/can_bsp.v(1909): delay control is not supported for synthesis (logs/hdlanalysis.rpt: l315)
WARNING |     ./../../OpenCores/can/trunk/rtl/verilog/can_bsp.v(1911): delay control is not supported for synthesis (logs/hdlanalysis.rpt: l316)
WARNING |     ./../../OpenCores/can/trunk/rtl/verilog/can_bsp.v(1924): delay control is not supported for synthesis (logs/hdlanalysis.rpt: l317)
WARNING |     ./../../OpenCores/can/trunk/rtl/verilog/can_bsp.v(1926): delay control is not supported for synthesis (logs/hdlanalysis.rpt: l318)
WARNING |     ./../../OpenCores/can/trunk/rtl/verilog/can_bsp.v(1935): delay control is not supported for synthesis (logs/hdlanalysis.rpt: l319)
WARNING |     ./../../OpenCores/can/trunk/rtl/verilog/can_bsp.v(1944): delay control is not supported for synthesis (logs/hdlanalysis.rpt: l320)
WARNING |     ./../../OpenCores/can/trunk/rtl/verilog/can_bsp.v(1946): delay control is not supported for synthesis (logs/hdlanalysis.rpt: l321)
WARNING |     ./../../OpenCores/can/trunk/rtl/verilog/can_bsp.v(1955): delay control is not supported for synthesis (logs/hdlanalysis.rpt: l322)
WARNING |     ./../../OpenCores/can/trunk/rtl/verilog/can_bsp.v(1957): delay control is not supported for synthesis (logs/hdlanalysis.rpt: l323)
WARNING |     ./../../OpenCores/can/trunk/rtl/verilog/can_bsp.v(1965): delay control is not supported for synthesis (logs/hdlanalysis.rpt: l324)
WARNING |     ./../../OpenCores/can/trunk/rtl/verilog/can_bsp.v(1967): delay control is not supported for synthesis (logs/hdlanalysis.rpt: l325)
WARNING |     ./../../OpenCores/can/trunk/rtl/verilog/can_bsp.v(1972): delay control is not supported for synthesis (logs/hdlanalysis.rpt: l326)
WARNING |     ./../../OpenCores/can/trunk/rtl/verilog/can_bsp.v(1977): delay control is not supported for synthesis (logs/hdlanalysis.rpt: l327)
WARNING |     ./../../OpenCores/can/trunk/rtl/verilog/can_bsp.v(1989): delay control is not supported for synthesis (logs/hdlanalysis.rpt: l328)
WARNING |     ./../../OpenCores/can/trunk/rtl/verilog/can_bsp.v(1993): delay control is not supported for synthesis (logs/hdlanalysis.rpt: l329)
WARNING |     ./../../OpenCores/can/trunk/rtl/verilog/can_bsp.v(1995): delay control is not supported for synthesis (logs/hdlanalysis.rpt: l330)
WARNING |     ./../../OpenCores/can/trunk/rtl/verilog/can_bsp.v(2004): delay control is not supported for synthesis (logs/hdlanalysis.rpt: l331)
WARNING |     ./../../OpenCores/can/trunk/rtl/verilog/can_bsp.v(2015): delay control is not supported for synthesis (logs/hdlanalysis.rpt: l332)
WARNING |     ./../../OpenCores/can/trunk/rtl/verilog/can_bsp.v(2017): delay control is not supported for synthesis (logs/hdlanalysis.rpt: l333)
WARNING |     ./../../OpenCores/can/trunk/rtl/verilog/can_bsp.v(2029): delay control is not supported for synthesis (logs/hdlanalysis.rpt: l334)
WARNING |     ./../../OpenCores/can/trunk/rtl/verilog/can_bsp.v(2031): delay control is not supported for synthesis (logs/hdlanalysis.rpt: l335)
WARNING |     ./../../OpenCores/can/trunk/rtl/verilog/can_bsp.v(2043): delay control is not supported for synthesis (logs/hdlanalysis.rpt: l336)
WARNING |     ./../../OpenCores/can/trunk/rtl/verilog/can_bsp.v(2045): delay control is not supported for synthesis (logs/hdlanalysis.rpt: l337)
WARNING |     ./../../OpenCores/can/trunk/rtl/verilog/can_bsp.v(2055): delay control is not supported for synthesis (logs/hdlanalysis.rpt: l338)
WARNING |     ./../../OpenCores/can/trunk/rtl/verilog/can_bsp.v(2057): delay control is not supported for synthesis (logs/hdlanalysis.rpt: l339)
WARNING |     ./../../OpenCores/can/trunk/rtl/verilog/can_bsp.v(2066): delay control is not supported for synthesis (logs/hdlanalysis.rpt: l340)
WARNING |     ./../../OpenCores/can/trunk/rtl/verilog/can_bsp.v(2068): delay control is not supported for synthesis (logs/hdlanalysis.rpt: l341)
WARNING |     ./../../OpenCores/can/trunk/rtl/verilog/can_bsp.v(2077): delay control is not supported for synthesis (logs/hdlanalysis.rpt: l342)
WARNING |     ./../../OpenCores/can/trunk/rtl/verilog/can_bsp.v(2079): delay control is not supported for synthesis (logs/hdlanalysis.rpt: l343)
WARNING |     ./../../OpenCores/can/trunk/rtl/verilog/can_bsp.v(2099): delay control is not supported for synthesis (logs/hdlanalysis.rpt: l344)
WARNING |     ./../../OpenCores/can/trunk/rtl/verilog/can_bsp.v(2101): delay control is not supported for synthesis (logs/hdlanalysis.rpt: l345)
WARNING |     ./../../OpenCores/can/trunk/rtl/verilog/can_bsp.v(2135): delay control is not supported for synthesis (logs/hdlanalysis.rpt: l346)
WARNING |     ./../../OpenCores/can/trunk/rtl/verilog/can_bsp.v(2137): delay control is not supported for synthesis (logs/hdlanalysis.rpt: l347)
WARNING |     ./../../OpenCores/can/trunk/rtl/verilog/can_top.v(758): delay control is not supported for synthesis (logs/hdlanalysis.rpt: l348)
WARNING |     ./../../OpenCores/can/trunk/rtl/verilog/can_top.v(760): delay control is not supported for synthesis (logs/hdlanalysis.rpt: l349)
WARNING |     ./../../OpenCores/can/trunk/rtl/verilog/can_top.v(775): delay control is not supported for synthesis (logs/hdlanalysis.rpt: l350)
WARNING |     ./../../OpenCores/can/trunk/rtl/verilog/can_top.v(776): delay control is not supported for synthesis (logs/hdlanalysis.rpt: l351)
WARNING |     ./../../OpenCores/can/trunk/rtl/verilog/can_top.v(799): delay control is not supported for synthesis (logs/hdlanalysis.rpt: l352)
WARNING |     ./../../OpenCores/can/trunk/rtl/verilog/can_top.v(800): delay control is not supported for synthesis (logs/hdlanalysis.rpt: l353)
WARNING |     ./../../OpenCores/can/trunk/rtl/verilog/can_top.v(801): delay control is not supported for synthesis (logs/hdlanalysis.rpt: l354)
WARNING |     ./../../OpenCores/can/trunk/rtl/verilog/can_top.v(802): delay control is not supported for synthesis (logs/hdlanalysis.rpt: l355)
WARNING |     ./../../OpenCores/can/trunk/rtl/verilog/can_top.v(803): delay control is not supported for synthesis (logs/hdlanalysis.rpt: l356)
WARNING |     ./../../OpenCores/can/trunk/rtl/verilog/can_top.v(813): delay control is not supported for synthesis (logs/hdlanalysis.rpt: l357)
WARNING |     ./../../OpenCores/can/trunk/rtl/verilog/can_top.v(814): delay control is not supported for synthesis (logs/hdlanalysis.rpt: l358)
WARNING |     ./../../OpenCores/can/trunk/rtl/verilog/can_top.v(815): delay control is not supported for synthesis (logs/hdlanalysis.rpt: l359)
WARNING |     ./../../OpenCores/can/trunk/rtl/verilog/can_top.v(823): delay control is not supported for synthesis (logs/hdlanalysis.rpt: l360)
WARNING |     Creating pseudo Read Clock (inverted Write Clock) for async port (logs/memories.rpt: l94)
WARNING |     Creating pseudo Read Clock (inverted Write Clock) for async port (logs/memories.rpt: l103)
WARNING |     Creating pseudo Read Clock (inverted Write Clock) for async port (logs/memories.rpt: l112)
WARNING |     Creating pseudo Read Clock (inverted Write Clock) for async port (logs/memories.rpt: l121)
WARNING |     Creating pseudo Read Clock (inverted Write Clock) for async port (logs/memories.rpt: l130)
WARNING |     Creating pseudo Read Clock (inverted Write Clock) for async port (logs/memories.rpt: l139)
WARNING |     Merging duplicated NX_BD 'nano_T_1|CKB_0' into 'nano_R_1|CKB_0' (logs/general.log: l254)
WARNING |     Removing useless BD 'CKB_0' (system -> system) (logs/general.log: l255)
WARNING |     Removing useless BD 'CKB_0' (system -> system) (logs/general.log: l256)
