////////////////////////////////////////////////////////////////////////////////
// NXpython NXpython3 v2020.1
//
//
// Date:              Wed Feb 2 16:23:56 2022
//
// Command line       /opt/NanoXplore/NXmap3/2020.1/bin/nxpython3 
// Distribution:      Ubuntu 18.04.4 LTS
////////////////////////////////////////////////////////////////////////////////

WARNING |     ./../../OpenCores/test_SPI/simple_spi_top.v(122): delay control is not supported for synthesis (logs/hdlanalysis.rpt: l23)
WARNING |     ./../../OpenCores/test_SPI/simple_spi_top.v(123): delay control is not supported for synthesis (logs/hdlanalysis.rpt: l24)
WARNING |     ./../../OpenCores/test_SPI/simple_spi_top.v(128): delay control is not supported for synthesis (logs/hdlanalysis.rpt: l25)
WARNING |     ./../../OpenCores/test_SPI/simple_spi_top.v(131): delay control is not supported for synthesis (logs/hdlanalysis.rpt: l26)
WARNING |     ./../../OpenCores/test_SPI/simple_spi_top.v(141): delay control is not supported for synthesis (logs/hdlanalysis.rpt: l27)
WARNING |     ./../../OpenCores/test_SPI/simple_spi_top.v(142): delay control is not supported for synthesis (logs/hdlanalysis.rpt: l28)
WARNING |     ./../../OpenCores/test_SPI/simple_spi_top.v(143): delay control is not supported for synthesis (logs/hdlanalysis.rpt: l29)
WARNING |     ./../../OpenCores/test_SPI/simple_spi_top.v(144): delay control is not supported for synthesis (logs/hdlanalysis.rpt: l30)
WARNING |     ./../../OpenCores/test_SPI/simple_spi_top.v(153): delay control is not supported for synthesis (logs/hdlanalysis.rpt: l31)
WARNING |     ./../../OpenCores/test_SPI/simple_spi_top.v(155): delay control is not supported for synthesis (logs/hdlanalysis.rpt: l32)
WARNING |     ./../../OpenCores/test_SPI/simple_spi_top.v(178): delay control is not supported for synthesis (logs/hdlanalysis.rpt: l33)
WARNING |     ./../../OpenCores/test_SPI/simple_spi_top.v(180): delay control is not supported for synthesis (logs/hdlanalysis.rpt: l34)
WARNING |     ./../../OpenCores/test_SPI/simple_spi_top.v(185): delay control is not supported for synthesis (logs/hdlanalysis.rpt: l35)
WARNING |     ./../../OpenCores/test_SPI/simple_spi_top.v(187): delay control is not supported for synthesis (logs/hdlanalysis.rpt: l36)
WARNING |     ./../../OpenCores/test_SPI/simple_spi_top.v(200): delay control is not supported for synthesis (logs/hdlanalysis.rpt: l37)
WARNING |     ./../../OpenCores/test_SPI/fifo4.v(92): delay control is not supported for synthesis (logs/hdlanalysis.rpt: l39)
WARNING |     ./../../OpenCores/test_SPI/fifo4.v(94): delay control is not supported for synthesis (logs/hdlanalysis.rpt: l40)
WARNING |     ./../../OpenCores/test_SPI/fifo4.v(96): delay control is not supported for synthesis (logs/hdlanalysis.rpt: l41)
WARNING |     ./../../OpenCores/test_SPI/fifo4.v(102): delay control is not supported for synthesis (logs/hdlanalysis.rpt: l42)
WARNING |     ./../../OpenCores/test_SPI/fifo4.v(104): delay control is not supported for synthesis (logs/hdlanalysis.rpt: l43)
WARNING |     ./../../OpenCores/test_SPI/fifo4.v(106): delay control is not supported for synthesis (logs/hdlanalysis.rpt: l44)
WARNING |     ./../../OpenCores/test_SPI/fifo4.v(115): delay control is not supported for synthesis (logs/hdlanalysis.rpt: l45)
WARNING |     ./../../OpenCores/test_SPI/fifo4.v(123): delay control is not supported for synthesis (logs/hdlanalysis.rpt: l46)
WARNING |     ./../../OpenCores/test_SPI/fifo4.v(125): delay control is not supported for synthesis (logs/hdlanalysis.rpt: l47)
WARNING |     ./../../OpenCores/test_SPI/fifo4.v(127): delay control is not supported for synthesis (logs/hdlanalysis.rpt: l48)
WARNING |     ./../../OpenCores/test_SPI/fifo4.v(129): delay control is not supported for synthesis (logs/hdlanalysis.rpt: l49)
WARNING |     ./../../OpenCores/test_SPI/simple_spi_top.v(233): delay control is not supported for synthesis (logs/hdlanalysis.rpt: l50)
WARNING |     ./../../OpenCores/test_SPI/simple_spi_top.v(236): delay control is not supported for synthesis (logs/hdlanalysis.rpt: l51)
WARNING |     ./../../OpenCores/test_SPI/simple_spi_top.v(237): delay control is not supported for synthesis (logs/hdlanalysis.rpt: l52)
WARNING |     ./../../OpenCores/test_SPI/simple_spi_top.v(238): delay control is not supported for synthesis (logs/hdlanalysis.rpt: l53)
WARNING |     ./../../OpenCores/test_SPI/simple_spi_top.v(239): delay control is not supported for synthesis (logs/hdlanalysis.rpt: l54)
WARNING |     ./../../OpenCores/test_SPI/simple_spi_top.v(240): delay control is not supported for synthesis (logs/hdlanalysis.rpt: l55)
WARNING |     ./../../OpenCores/test_SPI/simple_spi_top.v(241): delay control is not supported for synthesis (logs/hdlanalysis.rpt: l56)
WARNING |     ./../../OpenCores/test_SPI/simple_spi_top.v(242): delay control is not supported for synthesis (logs/hdlanalysis.rpt: l57)
WARNING |     ./../../OpenCores/test_SPI/simple_spi_top.v(243): delay control is not supported for synthesis (logs/hdlanalysis.rpt: l58)
WARNING |     ./../../OpenCores/test_SPI/simple_spi_top.v(244): delay control is not supported for synthesis (logs/hdlanalysis.rpt: l59)
WARNING |     ./../../OpenCores/test_SPI/simple_spi_top.v(245): delay control is not supported for synthesis (logs/hdlanalysis.rpt: l60)
WARNING |     ./../../OpenCores/test_SPI/simple_spi_top.v(246): delay control is not supported for synthesis (logs/hdlanalysis.rpt: l61)
WARNING |     ./../../OpenCores/test_SPI/simple_spi_top.v(247): delay control is not supported for synthesis (logs/hdlanalysis.rpt: l62)
WARNING |     ./../../OpenCores/test_SPI/simple_spi_top.v(235): full_case directive is effective : might cause synthesis - simulation differences (logs/hdlanalysis.rpt: l63)
WARNING |     ./../../OpenCores/test_SPI/simple_spi_top.v(257): delay control is not supported for synthesis (logs/hdlanalysis.rpt: l64)
WARNING |     ./../../OpenCores/test_SPI/simple_spi_top.v(258): delay control is not supported for synthesis (logs/hdlanalysis.rpt: l65)
WARNING |     ./../../OpenCores/test_SPI/simple_spi_top.v(259): delay control is not supported for synthesis (logs/hdlanalysis.rpt: l66)
WARNING |     ./../../OpenCores/test_SPI/simple_spi_top.v(260): delay control is not supported for synthesis (logs/hdlanalysis.rpt: l67)
WARNING |     ./../../OpenCores/test_SPI/simple_spi_top.v(261): delay control is not supported for synthesis (logs/hdlanalysis.rpt: l68)
WARNING |     ./../../OpenCores/test_SPI/simple_spi_top.v(262): delay control is not supported for synthesis (logs/hdlanalysis.rpt: l69)
WARNING |     ./../../OpenCores/test_SPI/simple_spi_top.v(266): delay control is not supported for synthesis (logs/hdlanalysis.rpt: l70)
WARNING |     ./../../OpenCores/test_SPI/simple_spi_top.v(267): delay control is not supported for synthesis (logs/hdlanalysis.rpt: l71)
WARNING |     ./../../OpenCores/test_SPI/simple_spi_top.v(272): delay control is not supported for synthesis (logs/hdlanalysis.rpt: l72)
WARNING |     ./../../OpenCores/test_SPI/simple_spi_top.v(273): delay control is not supported for synthesis (logs/hdlanalysis.rpt: l73)
WARNING |     ./../../OpenCores/test_SPI/simple_spi_top.v(274): delay control is not supported for synthesis (logs/hdlanalysis.rpt: l74)
WARNING |     ./../../OpenCores/test_SPI/simple_spi_top.v(277): delay control is not supported for synthesis (logs/hdlanalysis.rpt: l75)
WARNING |     ./../../OpenCores/test_SPI/simple_spi_top.v(278): delay control is not supported for synthesis (logs/hdlanalysis.rpt: l76)
WARNING |     ./../../OpenCores/test_SPI/simple_spi_top.v(279): delay control is not supported for synthesis (logs/hdlanalysis.rpt: l77)
WARNING |     ./../../OpenCores/test_SPI/simple_spi_top.v(285): delay control is not supported for synthesis (logs/hdlanalysis.rpt: l78)
WARNING |     ./../../OpenCores/test_SPI/simple_spi_top.v(286): delay control is not supported for synthesis (logs/hdlanalysis.rpt: l79)
WARNING |     ./../../OpenCores/test_SPI/simple_spi_top.v(291): delay control is not supported for synthesis (logs/hdlanalysis.rpt: l80)
WARNING |     ./../../OpenCores/test_SPI/simple_spi_top.v(292): delay control is not supported for synthesis (logs/hdlanalysis.rpt: l81)
WARNING |     ./../../OpenCores/test_SPI/simple_spi_top.v(295): delay control is not supported for synthesis (logs/hdlanalysis.rpt: l82)
WARNING |     ./../../OpenCores/test_SPI/simple_spi_top.v(296): delay control is not supported for synthesis (logs/hdlanalysis.rpt: l83)
WARNING |     ./../../OpenCores/test_SPI/simple_spi_top.v(297): delay control is not supported for synthesis (logs/hdlanalysis.rpt: l84)
WARNING |     ./../../OpenCores/test_SPI/simple_spi_top.v(299): delay control is not supported for synthesis (logs/hdlanalysis.rpt: l85)
WARNING |     ./../../OpenCores/test_SPI/simple_spi_top.v(300): delay control is not supported for synthesis (logs/hdlanalysis.rpt: l86)
WARNING |     ./../../OpenCores/test_SPI/simple_spi_top.v(304): delay control is not supported for synthesis (logs/hdlanalysis.rpt: l87)
WARNING |     ./../../OpenCores/test_SPI/simple_spi_top.v(315): delay control is not supported for synthesis (logs/hdlanalysis.rpt: l88)
WARNING |     ./../../OpenCores/test_SPI/simple_spi_top.v(318): delay control is not supported for synthesis (logs/hdlanalysis.rpt: l89)
WARNING |     ./../../OpenCores/test_SPI/simple_spi_top.v(320): delay control is not supported for synthesis (logs/hdlanalysis.rpt: l90)
WARNING |     	UNUSED --- etat.bus_write_spcr_2 (logs/fsmachines.rpt: l36)
WARNING |     	UNUSED --- etat.bus_write_sper_2 (logs/fsmachines.rpt: l57)
WARNING |     	UNUSED --- etat.bus_write_spsr (logs/fsmachines.rpt: l60)
WARNING |     	UNUSED --- etat.reset_start (logs/fsmachines.rpt: l75)
WARNING |     Creating pseudo Read Clock (inverted Write Clock) for async port (logs/memories.rpt: l83)
WARNING |     Creating pseudo Read Clock (inverted Write Clock) for async port (logs/memories.rpt: l92)
