////////////////////////////////////////////////////////////////////////////////
// NXpython NXpython3 v2020.1
//
//
// Date:              Wed Feb 2 16:23:56 2022
//
// Command line       /opt/NanoXplore/NXmap3/2020.1/bin/nxpython3 
// Distribution:      Ubuntu 18.04.4 LTS
////////////////////////////////////////////////////////////////////////////////

        |   ----------------------------------------------
        |   - HDL Source code report                     -
        |   ----------------------------------------------
        |     <Library>		:: <File>
        |     work		:: ./../../OpenCores/test_SPI/simple_spi_top.v
        |     work		:: ./../../OpenCores/test_SPI/fifo4.v
        |     work		:: ./../../OpenCores/test_SPI/timescale.v
        |     work		:: /opt/NanoXplore/NXmap3/2020.1/share/modelsim/nxLibrary.vhdp
        |     work		:: ./SPI_PERIPHERAL.vhdl
        |     work		:: ./SPI_CONTROLER.vhdl
        |     work		:: ./ram.vhd
        |     work		:: ./wishbone_driver.vhdl
        |     
        |     Top Cell: spi_controler	(work :: ./SPI_CONTROLER.vhdl)
