////////////////////////////////////////////////////////////////////////////////
// NXpython NXpython3 v2020.1
//
//
// Date:              Wed Feb 2 16:23:56 2022
//
// Command line       /opt/NanoXplore/NXmap3/2020.1/bin/nxpython3 
// Distribution:      Ubuntu 18.04.4 LTS
////////////////////////////////////////////////////////////////////////////////

ERROR   |     Critical: Pad 'RESET' is connected to WFG but not placed in a lowskew location
        |   Please provide the following encoded message when contacting the NanoXplore support team.
CONTEXT |   AAAECnictZNNc9owEIbv/Iq9hdBimwAuo1uSoTnVmK8pN2YtK1hFaD3ymo9/X9mkTU69lFzs0av33WdnZ/XsNGuJRkCKOdwtpsvp6g50BZKsVZJVDkzw8/sLZDWDJYbSoPSqtoBg6FTt1cn/JbIm2+HC0clCdhFXnw9WHWjMr9ooAS9o8HwJU6dKdGHaWFwgpbcgg9HWWwajSezPkg4HZVlAsikvXJAdwvEheoiCQWd6lqpscFAxyj2w82VEZ/nxABBSyWGCljalIafCZHPAchhea4RGZ/EoPE/ibTzarp/WyWq9HUwaOV1M08dFfxxEQUXg59L2KsS1WSG0PdJede8/AbEiMkK0g1tou/tEhsHayuK/AMnj02z2Xj/BjEiIpSxUXptmUDdgzHn87P2eEIw9Y/5DMc6yX34vhUDJ+oisuvOr0vvq14zfPkfSea93S/SqcApzIfzKOf8qun+FeeraPpZ6Z9HcENm9/xKdUQ7iUVPT37+F+v6d1Of+ztaNWHLbRxOK/oS+xXn2r4xs3LF3S0NWtZHh62/T4kRA (logs/general.log: l235)
ERROR   |   Grouping aborted (logs/general.log: l238)
